Component: ARM Compiler 5.06 update 7 (build 960) Tool: armlink [4d3601]

==============================================================================

Section Cross References

    system_gd32f3x0.o(i.SystemCoreClockUpdate) refers to system_gd32f3x0.o(.data) for .data
    system_gd32f3x0.o(i.SystemInit) refers to system_gd32f3x0.o(i.system_clock_84m_hxtal) for system_clock_84m_hxtal
    system_gd32f3x0.o(i.SystemInit) refers to gd32f3x0_misc.o(i.nvic_vector_table_set) for nvic_vector_table_set
    startup_gd32f3x0.o(RESET) refers to startup_gd32f3x0.o(STACK) for __initial_sp
    startup_gd32f3x0.o(RESET) refers to startup_gd32f3x0.o(.text) for Reset_Handler
    startup_gd32f3x0.o(RESET) refers to drv_systime.o(i.SysTick_Handler) for SysTick_Handler
    startup_gd32f3x0.o(RESET) refers to drv_exit.o(i.EXTI4_15_IRQHandler) for EXTI4_15_IRQHandler
    startup_gd32f3x0.o(RESET) refers to drv_step_motor.o(i.TIMER0_Channel_IRQHandler) for TIMER0_Channel_IRQHandler
    startup_gd32f3x0.o(RESET) refers to drv_step_motor.o(i.TIMER1_IRQHandler) for TIMER1_IRQHandler
    startup_gd32f3x0.o(RESET) refers to drv_time.o(i.TIMER13_IRQHandler) for TIMER13_IRQHandler
    startup_gd32f3x0.o(RESET) refers to drv_uart.o(i.USART0_IRQHandler) for USART0_IRQHandler
    startup_gd32f3x0.o(.text) refers to system_gd32f3x0.o(i.SystemInit) for SystemInit
    startup_gd32f3x0.o(.text) refers to entry.o(.ARM.Collect$$$$00000000) for __main
    gd32f3x0_rcu.o(i.rcu_osci_stab_wait) refers to gd32f3x0_rcu.o(i.rcu_flag_get) for rcu_flag_get
    gd32f3x0_misc.o(i.nvic_irq_enable) refers to gd32f3x0_misc.o(i.nvic_priority_group_set) for nvic_priority_group_set
    gd32f3x0_syscfg.o(i.syscfg_deinit) refers to gd32f3x0_rcu.o(i.rcu_periph_reset_enable) for rcu_periph_reset_enable
    gd32f3x0_syscfg.o(i.syscfg_deinit) refers to gd32f3x0_rcu.o(i.rcu_periph_reset_disable) for rcu_periph_reset_disable
    gd32f3x0_fmc.o(i.fmc_halfword_program) refers to gd32f3x0_fmc.o(i.fmc_ready_wait) for fmc_ready_wait
    gd32f3x0_fmc.o(i.fmc_mass_erase) refers to gd32f3x0_fmc.o(i.fmc_ready_wait) for fmc_ready_wait
    gd32f3x0_fmc.o(i.fmc_page_erase) refers to gd32f3x0_fmc.o(i.fmc_ready_wait) for fmc_ready_wait
    gd32f3x0_fmc.o(i.fmc_ready_wait) refers to gd32f3x0_fmc.o(i.fmc_state_get) for fmc_state_get
    gd32f3x0_fmc.o(i.fmc_wait_state_disable) refers to gd32f3x0_fmc.o(i.fmc_unlock) for fmc_unlock
    gd32f3x0_fmc.o(i.fmc_wait_state_disable) refers to gd32f3x0_fmc.o(i.fmc_lock) for fmc_lock
    gd32f3x0_fmc.o(i.fmc_wait_state_enable) refers to gd32f3x0_fmc.o(i.fmc_unlock) for fmc_unlock
    gd32f3x0_fmc.o(i.fmc_wait_state_enable) refers to gd32f3x0_fmc.o(i.fmc_lock) for fmc_lock
    gd32f3x0_fmc.o(i.fmc_word_program) refers to gd32f3x0_fmc.o(i.fmc_ready_wait) for fmc_ready_wait
    gd32f3x0_fmc.o(i.fmc_word_reprogram) refers to gd32f3x0_fmc.o(i.fmc_ready_wait) for fmc_ready_wait
    gd32f3x0_fmc.o(i.ob_data_program) refers to gd32f3x0_fmc.o(i.fmc_ready_wait) for fmc_ready_wait
    gd32f3x0_fmc.o(i.ob_data_program) refers to gd32f3x0_fmc.o(i.ob_parm_get) for ob_parm_get
    gd32f3x0_fmc.o(i.ob_data_program) refers to gd32f3x0_fmc.o(i.ob_value_modify) for ob_value_modify
    gd32f3x0_fmc.o(i.ob_erase) refers to gd32f3x0_fmc.o(i.ob_obstat_plevel_get) for ob_obstat_plevel_get
    gd32f3x0_fmc.o(i.ob_erase) refers to gd32f3x0_fmc.o(i.fmc_ready_wait) for fmc_ready_wait
    gd32f3x0_fmc.o(i.ob_security_protection_config) refers to gd32f3x0_fmc.o(i.fmc_ready_wait) for fmc_ready_wait
    gd32f3x0_fmc.o(i.ob_security_protection_config) refers to gd32f3x0_fmc.o(i.ob_parm_get) for ob_parm_get
    gd32f3x0_fmc.o(i.ob_security_protection_config) refers to gd32f3x0_fmc.o(i.ob_obstat_plevel_get) for ob_obstat_plevel_get
    gd32f3x0_fmc.o(i.ob_security_protection_config) refers to gd32f3x0_fmc.o(i.ob_value_modify) for ob_value_modify
    gd32f3x0_fmc.o(i.ob_user_write) refers to gd32f3x0_fmc.o(i.fmc_ready_wait) for fmc_ready_wait
    gd32f3x0_fmc.o(i.ob_user_write) refers to gd32f3x0_fmc.o(i.ob_parm_get) for ob_parm_get
    gd32f3x0_fmc.o(i.ob_user_write) refers to gd32f3x0_fmc.o(i.ob_value_modify) for ob_value_modify
    gd32f3x0_fmc.o(i.ob_write_protection_enable) refers to gd32f3x0_fmc.o(i.fmc_ready_wait) for fmc_ready_wait
    gd32f3x0_fmc.o(i.ob_write_protection_enable) refers to gd32f3x0_fmc.o(i.ob_parm_get) for ob_parm_get
    gd32f3x0_fmc.o(i.ob_write_protection_enable) refers to gd32f3x0_fmc.o(i.ob_value_modify) for ob_value_modify
    gd32f3x0_dma.o(i.dma_init) refers to gd32f3x0_dma.o(i.dma_channel_disable) for dma_channel_disable
    gd32f3x0_timer.o(i.timer_deinit) refers to gd32f3x0_rcu.o(i.rcu_periph_reset_enable) for rcu_periph_reset_enable
    gd32f3x0_timer.o(i.timer_deinit) refers to gd32f3x0_rcu.o(i.rcu_periph_reset_disable) for rcu_periph_reset_disable
    gd32f3x0_timer.o(i.timer_external_clock_mode0_config) refers to gd32f3x0_timer.o(i.timer_external_trigger_config) for timer_external_trigger_config
[...]
    Removing gd32f3x0_timer.o(i.timer_channel_input_capture_prescaler_config), (78 bytes).
    Removing gd32f3x0_timer.o(i.timer_channel_input_struct_para_init), (14 bytes).
    Removing gd32f3x0_timer.o(i.timer_channel_output_clear_config), (78 bytes).
    Removing gd32f3x0_timer.o(i.timer_channel_output_fast_config), (78 bytes).
    Removing gd32f3x0_timer.o(i.timer_channel_output_polarity_config), (78 bytes).
    Removing gd32f3x0_timer.o(i.timer_channel_output_state_config), (78 bytes).
    Removing gd32f3x0_timer.o(i.timer_channel_output_struct_para_init), (16 bytes).
    Removing gd32f3x0_timer.o(i.timer_channel_remap_config), (4 bytes).
    Removing gd32f3x0_timer.o(i.timer_counter_alignment), (16 bytes).
    Removing gd32f3x0_timer.o(i.timer_counter_down_direction), (10 bytes).
    Removing gd32f3x0_timer.o(i.timer_counter_read), (4 bytes).
    Removing gd32f3x0_timer.o(i.timer_counter_up_direction), (10 bytes).
    Removing gd32f3x0_timer.o(i.timer_counter_value_config), (4 bytes).
    Removing gd32f3x0_timer.o(i.timer_dma_disable), (8 bytes).
    Removing gd32f3x0_timer.o(i.timer_dma_enable), (8 bytes).
    Removing gd32f3x0_timer.o(i.timer_dma_transfer_config), (22 bytes).
    Removing gd32f3x0_timer.o(i.timer_event_software_generate), (8 bytes).
    Removing gd32f3x0_timer.o(i.timer_external_clock_mode0_config), (26 bytes).
    Removing gd32f3x0_timer.o(i.timer_external_clock_mode1_config), (18 bytes).
    Removing gd32f3x0_timer.o(i.timer_external_clock_mode1_disable), (10 bytes).
    Removing gd32f3x0_timer.o(i.timer_external_trigger_as_external_clock_config), (156 bytes).
    Removing gd32f3x0_timer.o(i.timer_external_trigger_config), (28 bytes).
    Removing gd32f3x0_timer.o(i.timer_flag_clear), (6 bytes).
    Removing gd32f3x0_timer.o(i.timer_flag_get), (10 bytes).
    Removing gd32f3x0_timer.o(i.timer_hall_mode_config), (24 bytes).
    Removing gd32f3x0_timer.o(i.timer_input_capture_config), (300 bytes).
    Removing gd32f3x0_timer.o(i.timer_input_pwm_capture_config), (334 bytes).
    Removing gd32f3x0_timer.o(i.timer_input_trigger_source_select), (16 bytes).
    Removing gd32f3x0_timer.o(i.timer_internal_clock_config), (10 bytes).
    Removing gd32f3x0_timer.o(i.timer_internal_trigger_as_external_clock_config), (26 bytes).
    Removing gd32f3x0_timer.o(i.timer_interrupt_disable), (8 bytes).
    Removing gd32f3x0_timer.o(i.timer_interrupt_enable), (8 bytes).
    Removing gd32f3x0_timer.o(i.timer_master_output_trigger_source_select), (16 bytes).
    Removing gd32f3x0_timer.o(i.timer_master_slave_mode_config), (24 bytes).
    Removing gd32f3x0_timer.o(i.timer_ocpre_clear_source_config), (26 bytes).
    Removing gd32f3x0_timer.o(i.timer_output_value_selection_config), (30 bytes).
    Removing gd32f3x0_timer.o(i.timer_prescaler_config), (16 bytes).
    Removing gd32f3x0_timer.o(i.timer_prescaler_read), (6 bytes).
    Removing gd32f3x0_timer.o(i.timer_quadrature_decoder_mode_config), (64 bytes).
    Removing gd32f3x0_timer.o(i.timer_repetition_value_config), (4 bytes).
    Removing gd32f3x0_timer.o(i.timer_single_pulse_mode_config), (24 bytes).
    Removing gd32f3x0_timer.o(i.timer_slave_mode_select), (16 bytes).
    Removing gd32f3x0_timer.o(i.timer_struct_para_init), (20 bytes).
    Removing gd32f3x0_timer.o(i.timer_update_event_disable), (10 bytes).
    Removing gd32f3x0_timer.o(i.timer_update_event_enable), (10 bytes).
    Removing gd32f3x0_timer.o(i.timer_write_chxval_register_config), (30 bytes).
    Removing gd32f3x0_usart.o(.rev16_text), (4 bytes).
    Removing gd32f3x0_usart.o(.revsh_text), (4 bytes).
    Removing gd32f3x0_usart.o(i.usart_address_config), (26 bytes).
    Removing gd32f3x0_usart.o(i.usart_address_detection_mode_config), (28 bytes).
    Removing gd32f3x0_usart.o(i.usart_autobaud_detection_disable), (10 bytes).
    Removing gd32f3x0_usart.o(i.usart_autobaud_detection_enable), (10 bytes).
    Removing gd32f3x0_usart.o(i.usart_autobaud_detection_mode_config), (16 bytes).
    Removing gd32f3x0_usart.o(i.usart_block_length_config), (18 bytes).
    Removing gd32f3x0_usart.o(i.usart_clock_disable), (18 bytes).
    Removing gd32f3x0_usart.o(i.usart_clock_enable), (18 bytes).
    Removing gd32f3x0_usart.o(i.usart_command_enable), (8 bytes).
    Removing gd32f3x0_usart.o(i.usart_data_first_config), (28 bytes).
    Removing gd32f3x0_usart.o(i.usart_depolarity_config), (28 bytes).
    Removing gd32f3x0_usart.o(i.usart_disable), (10 bytes).
    Removing gd32f3x0_usart.o(i.usart_dma_receive_config), (16 bytes).
    Removing gd32f3x0_usart.o(i.usart_dma_transmit_config), (16 bytes).
    Removing gd32f3x0_usart.o(i.usart_driver_assertime_config), (32 bytes).
    Removing gd32f3x0_usart.o(i.usart_driver_deassertime_config), (32 bytes).
    Removing gd32f3x0_usart.o(i.usart_flag_clear), (16 bytes).
    Removing gd32f3x0_usart.o(i.usart_guard_time_config), (32 bytes).
    Removing gd32f3x0_usart.o(i.usart_halfduplex_disable), (18 bytes).
    Removing gd32f3x0_usart.o(i.usart_halfduplex_enable), (18 bytes).
    Removing gd32f3x0_usart.o(i.usart_hardware_flow_cts_config), (24 bytes).
    Removing gd32f3x0_usart.o(i.usart_hardware_flow_rts_config), (24 bytes).
    Removing gd32f3x0_usart.o(i.usart_interrupt_flag_clear), (40 bytes).
    Removing gd32f3x0_usart.o(i.usart_invert_config), (90 bytes).
    Removing gd32f3x0_usart.o(i.usart_irda_lowpower_config), (28 bytes).
    Removing gd32f3x0_usart.o(i.usart_irda_mode_disable), (18 bytes).
    Removing gd32f3x0_usart.o(i.usart_irda_mode_enable), (18 bytes).
    Removing gd32f3x0_usart.o(i.usart_lin_break_detection_length_config), (28 bytes).
    Removing gd32f3x0_usart.o(i.usart_lin_mode_disable), (18 bytes).
    Removing gd32f3x0_usart.o(i.usart_lin_mode_enable), (18 bytes).
    Removing gd32f3x0_usart.o(i.usart_mute_mode_disable), (10 bytes).
    Removing gd32f3x0_usart.o(i.usart_mute_mode_enable), (10 bytes).
    Removing gd32f3x0_usart.o(i.usart_mute_mode_wakeup_config), (24 bytes).
    Removing gd32f3x0_usart.o(i.usart_overrun_enable), (18 bytes).
    Removing gd32f3x0_usart.o(i.usart_oversample_config), (24 bytes).
    Removing gd32f3x0_usart.o(i.usart_prescaler_config), (24 bytes).
    Removing gd32f3x0_usart.o(i.usart_receive_fifo_counter_number), (10 bytes).
    Removing gd32f3x0_usart.o(i.usart_receive_fifo_disable), (12 bytes).
    Removing gd32f3x0_usart.o(i.usart_receiver_timeout_disable), (10 bytes).
    Removing gd32f3x0_usart.o(i.usart_receiver_timeout_enable), (10 bytes).
    Removing gd32f3x0_usart.o(i.usart_receiver_timeout_threshold_config), (16 bytes).
    Removing gd32f3x0_usart.o(i.usart_reception_error_dma_disable), (18 bytes).
    Removing gd32f3x0_usart.o(i.usart_reception_error_dma_enable), (18 bytes).
    Removing gd32f3x0_usart.o(i.usart_rs485_driver_disable), (18 bytes).
    Removing gd32f3x0_usart.o(i.usart_rs485_driver_enable), (18 bytes).
    Removing gd32f3x0_usart.o(i.usart_sample_bit_config), (24 bytes).
    Removing gd32f3x0_usart.o(i.usart_smartcard_autoretry_config), (32 bytes).
    Removing gd32f3x0_usart.o(i.usart_smartcard_mode_disable), (18 bytes).
    Removing gd32f3x0_usart.o(i.usart_smartcard_mode_early_nack_disable), (12 bytes).
    Removing gd32f3x0_usart.o(i.usart_smartcard_mode_early_nack_enable), (12 bytes).
    Removing gd32f3x0_usart.o(i.usart_smartcard_mode_enable), (18 bytes).
    Removing gd32f3x0_usart.o(i.usart_smartcard_mode_nack_disable), (18 bytes).
    Removing gd32f3x0_usart.o(i.usart_smartcard_mode_nack_enable), (18 bytes).
    Removing gd32f3x0_usart.o(i.usart_synchronous_clock_config), (50 bytes).
    Removing gd32f3x0_usart.o(i.usart_wakeup_disable), (10 bytes).
    Removing gd32f3x0_usart.o(i.usart_wakeup_enable), (10 bytes).
    Removing gd32f3x0_usart.o(i.usart_wakeup_mode_config), (28 bytes).
    Removing gd32f3x0_gpio.o(.rev16_text), (4 bytes).
    Removing gd32f3x0_gpio.o(.revsh_text), (4 bytes).
    Removing gd32f3x0_gpio.o(i.gpio_bit_reset), (4 bytes).
    Removing gd32f3x0_gpio.o(i.gpio_bit_set), (4 bytes).
    Removing gd32f3x0_gpio.o(i.gpio_bit_toggle), (4 bytes).
    Removing gd32f3x0_gpio.o(i.gpio_deinit), (92 bytes).
    Removing gd32f3x0_gpio.o(i.gpio_input_bit_get), (10 bytes).
    Removing gd32f3x0_gpio.o(i.gpio_input_port_get), (6 bytes).
    Removing gd32f3x0_gpio.o(i.gpio_output_bit_get), (10 bytes).
    Removing gd32f3x0_gpio.o(i.gpio_output_port_get), (6 bytes).
    Removing gd32f3x0_gpio.o(i.gpio_pin_lock), (16 bytes).
    Removing gd32f3x0_gpio.o(i.gpio_port_toggle), (8 bytes).
    Removing gd32f3x0_gpio.o(i.gpio_port_write), (4 bytes).
    Removing gd32f3x0_adc.o(.rev16_text), (4 bytes).
    Removing gd32f3x0_adc.o(.revsh_text), (4 bytes).
    Removing gd32f3x0_adc.o(i.adc_calibration_enable), (36 bytes).
    Removing gd32f3x0_adc.o(i.adc_channel_length_config), (60 bytes).
    Removing gd32f3x0_adc.o(i.adc_data_alignment_config), (28 bytes).
    Removing gd32f3x0_adc.o(i.adc_deinit), (22 bytes).
    Removing gd32f3x0_adc.o(i.adc_disable), (16 bytes).
    Removing gd32f3x0_adc.o(i.adc_discontinuous_mode_config), (64 bytes).
    Removing gd32f3x0_adc.o(i.adc_dma_mode_disable), (16 bytes).
    Removing gd32f3x0_adc.o(i.adc_dma_mode_enable), (16 bytes).
    Removing gd32f3x0_adc.o(i.adc_enable), (24 bytes).
    Removing gd32f3x0_adc.o(i.adc_external_trigger_config), (60 bytes).
    Removing gd32f3x0_adc.o(i.adc_external_trigger_source_config), (40 bytes).
    Removing gd32f3x0_adc.o(i.adc_flag_clear), (16 bytes).
    Removing gd32f3x0_adc.o(i.adc_flag_get), (20 bytes).
    Removing gd32f3x0_adc.o(i.adc_inserted_channel_config), (80 bytes).
    Removing gd32f3x0_adc.o(i.adc_inserted_channel_offset_config), (44 bytes).
    Removing gd32f3x0_adc.o(i.adc_inserted_data_read), (48 bytes).
    Removing gd32f3x0_adc.o(i.adc_interrupt_disable), (44 bytes).
    Removing gd32f3x0_adc.o(i.adc_interrupt_enable), (44 bytes).
    Removing gd32f3x0_adc.o(i.adc_interrupt_flag_clear), (16 bytes).
    Removing gd32f3x0_adc.o(i.adc_interrupt_flag_get), (72 bytes).
    Removing gd32f3x0_adc.o(i.adc_oversample_mode_config), (44 bytes).
    Removing gd32f3x0_adc.o(i.adc_oversample_mode_disable), (16 bytes).
    Removing gd32f3x0_adc.o(i.adc_oversample_mode_enable), (16 bytes).
    Removing gd32f3x0_adc.o(i.adc_regular_channel_config), (104 bytes).
    Removing gd32f3x0_adc.o(i.adc_regular_data_read), (12 bytes).
    Removing gd32f3x0_adc.o(i.adc_resolution_config), (24 bytes).
    Removing gd32f3x0_adc.o(i.adc_software_trigger_enable), (32 bytes).
    Removing gd32f3x0_adc.o(i.adc_special_function_config), (92 bytes).
    Removing gd32f3x0_adc.o(i.adc_tempsensor_vrefint_disable), (16 bytes).
    Removing gd32f3x0_adc.o(i.adc_tempsensor_vrefint_enable), (16 bytes).
    Removing gd32f3x0_adc.o(i.adc_vbat_disable), (16 bytes).
    Removing gd32f3x0_adc.o(i.adc_vbat_enable), (16 bytes).
    Removing gd32f3x0_adc.o(i.adc_watchdog_disable), (20 bytes).
    Removing gd32f3x0_adc.o(i.adc_watchdog_group_channel_enable), (56 bytes).
    Removing gd32f3x0_adc.o(i.adc_watchdog_single_channel_enable), (40 bytes).
    Removing gd32f3x0_adc.o(i.adc_watchdog_threshold_config), (24 bytes).
    Removing main.o(.rev16_text), (4 bytes).
    Removing main.o(.revsh_text), (4 bytes).
    Removing drv_gpio.o(.rev16_text), (4 bytes).
    Removing drv_gpio.o(.revsh_text), (4 bytes).
    Removing drv_gpio.o(i.drv_gpio_analog_read), (204 bytes).
    Removing drv_gpio.o(i.drv_gpio_digital_read), (22 bytes).
    Removing drv_gpio.o(i.drv_gpio_disable_vdda_protect), (56 bytes).
    Removing drv_gpio.o(i.drv_gpio_pin_mode), (128 bytes).
    Removing drv_gpio.o(i.drv_gpio_shift_in), (76 bytes).
    Removing drv_ring_buf.o(i.drv_ringbuf_count), (12 bytes).
    Removing drv_ring_buf.o(i.drv_ringbuf_flush), (10 bytes).
    Removing drv_ring_buf.o(i.drv_ringbuf_init), (14 bytes).
    Removing drv_ring_buf.o(i.drv_ringbuf_peek), (42 bytes).
    Removing drv_ring_buf.o(i.drv_ringbuf_peek_count), (12 bytes).
    Removing drv_ring_buf.o(i.drv_ringbuf_peek_pos_change), (12 bytes).
    Removing drv_ring_buf.o(i.drv_ringbuf_peeked_counter), (12 bytes).
    Removing drv_ring_buf.o(i.drv_ringbuf_peeked_reset), (6 bytes).
    Removing drv_ring_buf.o(i.drv_ringbuf_read), (42 bytes).
    Removing drv_ring_buf.o(i.drv_ringbuf_reeked_flush), (6 bytes).
    Removing drv_ring_buf.o(i.drv_ringbuf_unusedcount), (18 bytes).
    Removing drv_ring_buf.o(i.drv_ringbuf_write), (54 bytes).
    Removing drv_systime.o(.rev16_text), (4 bytes).
    Removing drv_systime.o(.revsh_text), (4 bytes).
    Removing drv_systime.o(i.drv_delay_ms), (20 bytes).
    Removing drv_systime.o(i.drv_delay_us), (64 bytes).
    Removing drv_systime.o(i.drv_millis), (12 bytes).
    Removing drv_systime.o(i.drv_speedtime_init), (44 bytes).
    Removing drv_systime.o(i.mill), (12 bytes).
    Removing drv_uart.o(.rev16_text), (4 bytes).
    Removing drv_uart.o(.revsh_text), (4 bytes).
    Removing drv_uart.o(i.drv_uart1_init), (176 bytes).
    Removing drv_uart.o(i.drv_uart_printf), (68 bytes).
    Removing drv_uart.o(i.drv_uart_write_byte), (48 bytes).
    Removing drv_uart.o(i.send_string), (32 bytes).
    Removing drv_uart.o(.bss), (20 bytes).
    Removing drv_uart.o(.data), (1 bytes).
    Removing drv_oid.o(.rev16_text), (4 bytes).
    Removing drv_oid.o(.revsh_text), (4 bytes).
    Removing drv_oid.o(i.drv_oid_data_clear), (24 bytes).
    Removing drv_oid.o(i.drv_oid_data_get), (52 bytes).
    Removing drv_oid.o(i.drv_oid_get_tx_len), (16 bytes).
    Removing drv_oid.o(i.drv_oid_init), (136 bytes).
    Removing drv_oid.o(i.drv_oid_mode_set), (80 bytes).
    Removing drv_oid.o(i.drv_oid_recive_ack), (6 bytes).
    Removing drv_oid.o(i.drv_oid_recive_config), (44 bytes).
    Removing drv_oid.o(i.drv_oid_recive_data), (6 bytes).
    Removing drv_oid.o(i.drv_oid_recive_time_update), (16 bytes).
    Removing drv_oid.o(i.drv_oid_transmitcmd), (28 bytes).
    Removing drv_oid.o(i.drv_oid_wakeup), (204 bytes).
    Removing drv_oid.o(i.oid_data_update), (40 bytes).
    Removing drv_oid.o(i.oid_normal_presetting), (76 bytes).
    Removing drv_oid.o(i.oid_parse), (72 bytes).
    Removing drv_oid.o(i.oid_process_isr), (20 bytes).
    Removing drv_oid.o(i.oid_recive_isr), (208 bytes).
    Removing drv_oid.o(i.oid_send_isr), (200 bytes).
    Removing drv_oid.o(i.oid_task_loop), (332 bytes).
    Removing drv_oid.o(i.oid_transmitcmd), (20 bytes).
    Removing drv_oid.o(.bss), (60 bytes).
    Removing drv_oid.o(.data), (20 bytes).
    Removing drv_step_motor.o(.rev16_text), (4 bytes).
    Removing drv_step_motor.o(.revsh_text), (4 bytes).
    Removing drv_step_motor.o(i.get_current_position), (32 bytes).
    Removing drv_step_motor.o(i.get_target_position), (32 bytes).
    Removing drv_step_motor.o(i.motor_get_speed), (24 bytes).
    Removing drv_step_motor.o(i.motor_get_status), (24 bytes).
    Removing drv_step_motor.o(i.motor_move), (48 bytes).
    Removing drv_step_motor.o(i.motor_move_to), (120 bytes).
    Removing drv_step_motor.o(i.motor_run), (156 bytes).
    Removing drv_step_motor.o(i.motor_run_speed), (24 bytes).
    Removing drv_step_motor.o(i.motor_set_move_speed_max), (12 bytes).
    Removing drv_step_motor.o(i.motor_set_speed), (140 bytes).
    Removing drv_step_motor.o(i.motor_stop), (52 bytes).
    Removing drv_step_motor.o(i.set_acceleration), (128 bytes).
    Removing drv_step_motor.o(i.set_current_position), (36 bytes).
    Removing drv_step_motor.o(i.set_max_speed), (116 bytes).
    Removing drv_step_motor.o(i.set_spwm_freq), (48 bytes).
    Removing drv_step_motor.o(i.step_moto0_spwm_config), (232 bytes).
    Removing drv_step_motor.o(i.step_moto1_spwm_config), (232 bytes).
    Removing drv_step_motor.o(i.step_moto_pin_init), (228 bytes).
    Removing drv_step_motor.o(i.step_motor_config), (68 bytes).
    Removing drv_step_motor.o(i.step_motor_init), (52 bytes).
    Removing drv_step_motor.o(i.step_motor_spwm_init), (14 bytes).
    Removing drv_step_motor.o(i.step_start), (292 bytes).
    Removing drv_key.o(.rev16_text), (4 bytes).
    Removing drv_key.o(.revsh_text), (4 bytes).
    Removing drv_key.o(i.drv_key_get_status), (16 bytes).
    Removing drv_key.o(i.drv_key_init), (86 bytes).
    Removing drv_key.o(i.drv_key_status_all), (92 bytes).
    Removing drv_led.o(.rev16_text), (4 bytes).
    Removing drv_led.o(.revsh_text), (4 bytes).
    Removing drv_led.o(i.drv_led_init), (22 bytes).
    Removing drv_led.o(i.drv_led_off), (8 bytes).
    Removing drv_led.o(i.drv_led_on), (8 bytes).
    Removing drv_sensor.o(.rev16_text), (4 bytes).
    Removing drv_sensor.o(.revsh_text), (4 bytes).
    Removing drv_sensor.o(i.drv_light_adc_config), (104 bytes).
    Removing drv_sensor.o(i.drv_light_adc_dma_config), (84 bytes).
    Removing drv_sensor.o(i.drv_light_adc_rcu_config), (28 bytes).
    Removing drv_sensor.o(i.drv_sensor_light_get), (12 bytes).
    Removing drv_sensor.o(i.drv_sensor_light_init), (32 bytes).
    Removing drv_sensor.o(.data), (8 bytes).
    Removing drv_motor.o(.rev16_text), (4 bytes).
    Removing drv_motor.o(.revsh_text), (4 bytes).
    Removing drv_motor.o(i.motor_star), (56 bytes).
    Removing drv_exit.o(.rev16_text), (4 bytes).
    Removing drv_exit.o(.revsh_text), (4 bytes).
    Removing drv_exit.o(i.encode_gpio_init), (64 bytes).
    Removing drv_pwm.o(.rev16_text), (4 bytes).
    Removing drv_pwm.o(.revsh_text), (4 bytes).
    Removing drv_motor_control.o(.rev16_text), (4 bytes).
    Removing drv_motor_control.o(.revsh_text), (4 bytes).
    Removing drv_time.o(.rev16_text), (4 bytes).
    Removing drv_time.o(.revsh_text), (4 bytes).
    Removing drv_time.o(i.TIMER13_init), (108 bytes).
    Removing drv_command.o(.rev16_text), (4 bytes).
    Removing drv_command.o(.revsh_text), (4 bytes).
    Removing communication_link.o(.rev16_text), (4 bytes).
    Removing communication_link.o(.revsh_text), (4 bytes).
    Removing communication_link.o(i.communication_check_cmd_cancel), (108 bytes).
    Removing communication_link.o(i.communication_data_empty), (12 bytes).
    Removing communication_link.o(i.communication_get_count), (12 bytes).
    Removing communication_link.o(i.communication_link_init), (20 bytes).
    Removing communication_link.o(i.communication_read_data), (16 bytes).
    Removing communication_link.o(i.communication_write_data), (84 bytes).
    Removing communication_link.o(i.communicattion_get_rxcfg), (8 bytes).
    Removing communication_link.o(.bss), (276 bytes).
    Removing communication_link.o(.data), (10 bytes).
    Removing message.o(.rev16_text), (4 bytes).
    Removing message.o(.revsh_text), (4 bytes).
    Removing message.o(i.cmd_animotion), (188 bytes).
    Removing message.o(i.cmd_cancel), (18 bytes).
    Removing message.o(i.cmd_led), (12 bytes).
    Removing message.o(i.cmd_long_msg_recive), (124 bytes).
    Removing message.o(i.cmd_motion), (184 bytes).
    Removing message.o(i.cmd_motion_process), (22 bytes).
    Removing message.o(i.cmd_oid), (42 bytes).
    Removing message.o(i.cmd_pop_msg), (92 bytes).
    Removing message.o(i.cmd_set_motion_max_speed), (8 bytes).
    Removing message.o(i.cmd_system_info_get), (94 bytes).
    Removing message.o(i.long_msg_recive), (80 bytes).
    Removing message.o(i.message_gd32_report), (64 bytes).
    Removing message.o(i.message_init), (36 bytes).
    Removing message.o(i.message_is_rx_long_trans), (12 bytes).
    Removing message.o(i.message_motion_ack), (24 bytes).
    Removing message.o(i.message_normal_response), (22 bytes).
    Removing message.o(i.message_parser), (184 bytes).
    Removing message.o(i.message_process), (32 bytes).
    Removing message.o(i.message_send), (200 bytes).
    Removing message.o(i.message_translation), (26 bytes).
    Removing message.o(i.msg_animotion_direction_get), (18 bytes).
    Removing message.o(.bss), (160 bytes).
    Removing message.o(.data), (1 bytes).
    Removing message.o(.data), (8 bytes).
    Removing crc16.o(i.crc16_compute), (54 bytes).
    Removing dscalb.o(.text), (46 bytes).
    Removing ffltui.o(.text), (10 bytes).
    Removing dflti.o(.text), (34 bytes).
    Removing ffixi.o(.text), (50 bytes).
    Removing dfixi.o(.text), (62 bytes).
    Removing dsqrt.o(.text), (162 bytes).
    Removing drnd.o(.text), (136 bytes).
    Removing cdcmple.o(.text), (48 bytes).

471 unused section(s) (total 19024 bytes) removed from the image.

==============================================================================

Image Symbol Table

    Local Symbols

    Symbol Name                              Value     Ov Type        Size  Object(Section)

    ../clib/../cmprslib/zerorunl2.c          0x00000000   Number         0  __dczerorl2.o ABSOLUTE
    ../clib/microlib/division.c              0x00000000   Number         0  uldiv.o ABSOLUTE
    ../clib/microlib/division.c              0x00000000   Number         0  uidiv.o ABSOLUTE
    ../clib/microlib/errno.c                 0x00000000   Number         0  errno.o ABSOLUTE
    ../clib/microlib/init/entry.s            0x00000000   Number         0  entry5.o ABSOLUTE
    ../clib/microlib/init/entry.s            0x00000000   Number         0  entry11b.o ABSOLUTE
    ../clib/microlib/init/entry.s            0x00000000   Number         0  entry9b.o ABSOLUTE
    ../clib/microlib/init/entry.s            0x00000000   Number         0  entry10a.o ABSOLUTE
    ../clib/microlib/init/entry.s            0x00000000   Number         0  entry11a.o ABSOLUTE
    ../clib/microlib/init/entry.s            0x00000000   Number         0  entry10b.o ABSOLUTE
    ../clib/microlib/init/entry.s            0x00000000   Number         0  entry.o ABSOLUTE
    ../clib/microlib/init/entry.s            0x00000000   Number         0  entry2.o ABSOLUTE
    ../clib/microlib/init/entry.s            0x00000000   Number         0  entry7a.o ABSOLUTE
    ../clib/microlib/init/entry.s            0x00000000   Number         0  entry8b.o ABSOLUTE
    ../clib/microlib/init/entry.s            0x00000000   Number         0  entry12b.o ABSOLUTE
    ../clib/microlib/init/entry.s            0x00000000   Number         0  entry12a.o ABSOLUTE
    ../clib/microlib/init/entry.s            0x00000000   Number         0  entry7b.o ABSOLUTE
    ../clib/microlib/init/entry.s            0x00000000   Number         0  entry8a.o ABSOLUTE
    ../clib/microlib/init/entry.s            0x00000000   Number         0  entry9a.o ABSOLUTE
    ../clib/microlib/longlong.c              0x00000000   Number         0  llushr.o ABSOLUTE
    ../clib/microlib/longlong.c              0x00000000   Number         0  llsshr.o ABSOLUTE
    ../clib/microlib/longlong.c              0x00000000   Number         0  llshl.o ABSOLUTE
    ../clib/microlib/printf/printf.c         0x00000000   Number         0  printf6.o ABSOLUTE
    ../clib/microlib/printf/printf.c         0x00000000   Number         0  printf5.o ABSOLUTE
    ../clib/microlib/printf/printf.c         0x00000000   Number         0  printfa.o ABSOLUTE
    ../clib/microlib/printf/printf.c         0x00000000   Number         0  printf4.o ABSOLUTE
    ../clib/microlib/printf/printf.c         0x00000000   Number         0  printf8.o ABSOLUTE
    ../clib/microlib/printf/printf.c         0x00000000   Number         0  printfb.o ABSOLUTE
    ../clib/microlib/printf/printf.c         0x00000000   Number         0  printf2.o ABSOLUTE
    ../clib/microlib/printf/printf.c         0x00000000   Number         0  printf1.o ABSOLUTE
    ../clib/microlib/printf/printf.c         0x00000000   Number         0  printf0.o ABSOLUTE
    ../clib/microlib/printf/printf.c         0x00000000   Number         0  printf7.o ABSOLUTE
    ../clib/microlib/printf/printf.c         0x00000000   Number         0  printf3.o ABSOLUTE
    ../clib/microlib/printf/stubs.s          0x00000000   Number         0  stubs.o ABSOLUTE
    ../clib/microlib/stdio/streams.c         0x00000000   Number         0  stdout.o ABSOLUTE
    ../clib/microlib/string/strlen.c         0x00000000   Number         0  strlen.o ABSOLUTE
    ../clib/microlib/stubs.s                 0x00000000   Number         0  iusefp.o ABSOLUTE
    ../fplib/microlib/f2d.c                  0x00000000   Number         0  f2d.o ABSOLUTE
    ../fplib/microlib/fpadd.c                0x00000000   Number         0  fadd.o ABSOLUTE
    ../fplib/microlib/fpadd.c                0x00000000   Number         0  dadd.o ABSOLUTE
    ../fplib/microlib/fpdiv.c                0x00000000   Number         0  ddiv.o ABSOLUTE
    ../fplib/microlib/fpepilogue.c           0x00000000   Number         0  fepilogue.o ABSOLUTE
    ../fplib/microlib/fpepilogue.c           0x00000000   Number         0  depilogue.o ABSOLUTE
    ../fplib/microlib/fpfix.c                0x00000000   Number         0  ffixi.o ABSOLUTE
    ../fplib/microlib/fpfix.c                0x00000000   Number         0  ffixui.o ABSOLUTE
    ../fplib/microlib/fpfix.c                0x00000000   Number         0  dfixi.o ABSOLUTE
    ../fplib/microlib/fpfix.c                0x00000000   Number         0  dfixul.o ABSOLUTE
    ../fplib/microlib/fpflt.c                0x00000000   Number         0  ffltui.o ABSOLUTE
    ../fplib/microlib/fpflt.c                0x00000000   Number         0  fflti.o ABSOLUTE
    ../fplib/microlib/fpflt.c                0x00000000   Number         0  dflti.o ABSOLUTE
    ../fplib/microlib/fpmul.c                0x00000000   Number         0  dmul.o ABSOLUTE
    ../fplib/microlib/fpmul.c                0x00000000   Number         0  fmul.o ABSOLUTE
    ../fplib/microlib/fprnd.c                0x00000000   Number         0  drnd.o ABSOLUTE
    ../fplib/microlib/fpscalb.c              0x00000000   Number         0  dscalb.o ABSOLUTE
    ../fplib/microlib/fpscalb.c              0x00000000   Number         0  fscalb.o ABSOLUTE
    ../fplib/microlib/fpsqrt.c               0x00000000   Number         0  dsqrt.o ABSOLUTE
    ../mathlib/round.c                       0x00000000   Number         0  round.o ABSOLUTE
    ../mathlib/sqrt.c                        0x00000000   Number         0  sqrt.o ABSOLUTE
    ../mathlib/sqrt.c                        0x00000000   Number         0  sqrt_x.o ABSOLUTE
    ..\GD32F3x0_library\CMSIS\GD\GD32F3x0\Source\ARM\startup_gd32f3x0.s 0x00000000   Number         0  startup_gd32f3x0.o ABSOLUTE
    ..\GD32F3x0_library\CMSIS\GD\GD32F3x0\Source\system_gd32f3x0.c 0x00000000   Number         0  system_gd32f3x0.o ABSOLUTE
    ..\GD32F3x0_library\GD32F3x0_standard_peripheral\Source\gd32f3x0_adc.c 0x00000000   Number         0  gd32f3x0_adc.o ABSOLUTE
    ..\GD32F3x0_library\GD32F3x0_standard_peripheral\Source\gd32f3x0_dac.c 0x00000000   Number         0  gd32f3x0_dac.o ABSOLUTE
    ..\GD32F3x0_library\GD32F3x0_standard_peripheral\Source\gd32f3x0_dma.c 0x00000000   Number         0  gd32f3x0_dma.o ABSOLUTE
    ..\GD32F3x0_library\GD32F3x0_standard_peripheral\Source\gd32f3x0_exti.c 0x00000000   Number         0  gd32f3x0_exti.o ABSOLUTE
    ..\GD32F3x0_library\GD32F3x0_standard_peripheral\Source\gd32f3x0_fmc.c 0x00000000   Number         0  gd32f3x0_fmc.o ABSOLUTE
    ..\GD32F3x0_library\GD32F3x0_standard_peripheral\Source\gd32f3x0_gpio.c 0x00000000   Number         0  gd32f3x0_gpio.o ABSOLUTE
    ..\GD32F3x0_library\GD32F3x0_standard_peripheral\Source\gd32f3x0_misc.c 0x00000000   Number         0  gd32f3x0_misc.o ABSOLUTE
    ..\GD32F3x0_library\GD32F3x0_standard_peripheral\Source\gd32f3x0_rcu.c 0x00000000   Number         0  gd32f3x0_rcu.o ABSOLUTE
    ..\GD32F3x0_library\GD32F3x0_standard_peripheral\Source\gd32f3x0_syscfg.c 0x00000000   Number         0  gd32f3x0_syscfg.o ABSOLUTE
    ..\GD32F3x0_library\GD32F3x0_standard_peripheral\Source\gd32f3x0_timer.c 0x00000000   Number         0  gd32f3x0_timer.o ABSOLUTE
    ..\GD32F3x0_library\GD32F3x0_standard_peripheral\Source\gd32f3x0_usart.c 0x00000000   Number         0  gd32f3x0_usart.o ABSOLUTE
    ..\\GD32F3x0_library\\CMSIS\\GD\\GD32F3x0\\Source\\system_gd32f3x0.c 0x00000000   Number         0  system_gd32f3x0.o ABSOLUTE
    ..\\GD32F3x0_library\\GD32F3x0_standard_peripheral\\Source\\gd32f3x0_adc.c 0x00000000   Number         0  gd32f3x0_adc.o ABSOLUTE
    ..\\GD32F3x0_library\\GD32F3x0_standard_peripheral\\Source\\gd32f3x0_dma.c 0x00000000   Number         0  gd32f3x0_dma.o ABSOLUTE
    ..\\GD32F3x0_library\\GD32F3x0_standard_peripheral\\Source\\gd32f3x0_exti.c 0x00000000   Number         0  gd32f3x0_exti.o ABSOLUTE
    ..\\GD32F3x0_library\\GD32F3x0_standard_peripheral\\Source\\gd32f3x0_fmc.c 0x00000000   Number         0  gd32f3x0_fmc.o ABSOLUTE
    ..\\GD32F3x0_library\\GD32F3x0_standard_peripheral\\Source\\gd32f3x0_gpio.c 0x00000000   Number         0  gd32f3x0_gpio.o ABSOLUTE
    ..\\GD32F3x0_library\\GD32F3x0_standard_peripheral\\Source\\gd32f3x0_misc.c 0x00000000   Number         0  gd32f3x0_misc.o ABSOLUTE
    ..\\GD32F3x0_library\\GD32F3x0_standard_peripheral\\Source\\gd32f3x0_rcu.c 0x00000000   Number         0  gd32f3x0_rcu.o ABSOLUTE
    ..\\GD32F3x0_library\\GD32F3x0_standard_peripheral\\Source\\gd32f3x0_syscfg.c 0x00000000   Number         0  gd32f3x0_syscfg.o ABSOLUTE
    ..\\GD32F3x0_library\\GD32F3x0_standard_peripheral\\Source\\gd32f3x0_timer.c 0x00000000   Number         0  gd32f3x0_timer.o ABSOLUTE
    ..\\GD32F3x0_library\\GD32F3x0_standard_peripheral\\Source\\gd32f3x0_usart.c 0x00000000   Number         0  gd32f3x0_usart.o ABSOLUTE
    ..\\src\\communication\\communication_link.c 0x00000000   Number         0  communication_link.o ABSOLUTE
    ..\\src\\communication\\message.c        0x00000000   Number         0  message.o ABSOLUTE
    ..\\src\\driver\\drv_command.c           0x00000000   Number         0  drv_command.o ABSOLUTE
    ..\\src\\driver\\drv_exit.c              0x00000000   Number         0  drv_exit.o ABSOLUTE
    ..\\src\\driver\\drv_gpio.c              0x00000000   Number         0  drv_gpio.o ABSOLUTE
    ..\\src\\driver\\drv_key.c               0x00000000   Number         0  drv_key.o ABSOLUTE
    ..\\src\\driver\\drv_led.c               0x00000000   Number         0  drv_led.o ABSOLUTE
    ..\\src\\driver\\drv_motor.c             0x00000000   Number         0  drv_motor.o ABSOLUTE
    ..\\src\\driver\\drv_motor_control.c     0x00000000   Number         0  drv_motor_control.o ABSOLUTE
    ..\\src\\driver\\drv_oid.c               0x00000000   Number         0  drv_oid.o ABSOLUTE
    ..\\src\\driver\\drv_pwm.c               0x00000000   Number         0  drv_pwm.o ABSOLUTE
    ..\\src\\driver\\drv_sensor.c            0x00000000   Number         0  drv_sensor.o ABSOLUTE
    ..\\src\\driver\\drv_step_motor.c        0x00000000   Number         0  drv_step_motor.o ABSOLUTE
    ..\\src\\driver\\drv_systime.c           0x00000000   Number         0  drv_systime.o ABSOLUTE
    ..\\src\\driver\\drv_time.c              0x00000000   Number         0  drv_time.o ABSOLUTE
    ..\\src\\driver\\drv_uart.c              0x00000000   Number         0  drv_uart.o ABSOLUTE
    ..\\src\\main.c                          0x00000000   Number         0  main.o ABSOLUTE
    ..\src\common\crc16.c                    0x00000000   Number         0  crc16.o ABSOLUTE
    ..\src\communication\communication_link.c 0x00000000   Number         0  communication_link.o ABSOLUTE
    ..\src\communication\message.c           0x00000000   Number         0  message.o ABSOLUTE
    ..\src\driver\drv_command.c              0x00000000   Number         0  drv_command.o ABSOLUTE
    ..\src\driver\drv_exit.c                 0x00000000   Number         0  drv_exit.o ABSOLUTE
    ..\src\driver\drv_gpio.c                 0x00000000   Number         0  drv_gpio.o ABSOLUTE
    ..\src\driver\drv_key.c                  0x00000000   Number         0  drv_key.o ABSOLUTE
    ..\src\driver\drv_led.c                  0x00000000   Number         0  drv_led.o ABSOLUTE
    ..\src\driver\drv_motor.c                0x00000000   Number         0  drv_motor.o ABSOLUTE
    ..\src\driver\drv_motor_control.c        0x00000000   Number         0  drv_motor_control.o ABSOLUTE
    ..\src\driver\drv_oid.c                  0x00000000   Number         0  drv_oid.o ABSOLUTE
    ..\src\driver\drv_pwm.c                  0x00000000   Number         0  drv_pwm.o ABSOLUTE
    ..\src\driver\drv_ring_buf.c             0x00000000   Number         0  drv_ring_buf.o ABSOLUTE
    ..\src\driver\drv_sensor.c               0x00000000   Number         0  drv_sensor.o ABSOLUTE
    ..\src\driver\drv_step_motor.c           0x00000000   Number         0  drv_step_motor.o ABSOLUTE
    ..\src\driver\drv_systime.c              0x00000000   Number         0  drv_systime.o ABSOLUTE
    ..\src\driver\drv_time.c                 0x00000000   Number         0  drv_time.o ABSOLUTE
    ..\src\driver\drv_uart.c                 0x00000000   Number         0  drv_uart.o ABSOLUTE
    ..\src\main.c                            0x00000000   Number         0  main.o ABSOLUTE
    cdcmple.s                                0x00000000   Number         0  cdcmple.o ABSOLUTE
    cdrcmple.s                               0x00000000   Number         0  cdrcmple.o ABSOLUTE
    dc.s                                     0x00000000   Number         0  dc.o ABSOLUTE
    handlers.s                               0x00000000   Number         0  handlers.o ABSOLUTE
    init.s                                   0x00000000   Number         0  init.o ABSOLUTE
    RESET                                    0x08000000   Section      336  startup_gd32f3x0.o(RESET)
    .ARM.Collect$$$$00000000                 0x08000150   Section        0  entry.o(.ARM.Collect$$$$00000000)
    .ARM.Collect$$$$00000001                 0x08000150   Section        4  entry2.o(.ARM.Collect$$$$00000001)
    .ARM.Collect$$$$00000004                 0x08000154   Section        4  entry5.o(.ARM.Collect$$$$00000004)
    .ARM.Collect$$$$00000008                 0x08000158   Section        0  entry7b.o(.ARM.Collect$$$$00000008)
    .ARM.Collect$$$$0000000A                 0x08000158   Section        0  entry8b.o(.ARM.Collect$$$$0000000A)
    .ARM.Collect$$$$0000000B                 0x08000158   Section        8  entry9a.o(.ARM.Collect$$$$0000000B)
    .ARM.Collect$$$$0000000E                 0x08000160   Section        4  entry12b.o(.ARM.Collect$$$$0000000E)
    .ARM.Collect$$$$0000000F                 0x08000164   Section        0  entry10a.o(.ARM.Collect$$$$0000000F)
    .ARM.Collect$$$$00000011                 0x08000164   Section        0  entry11a.o(.ARM.Collect$$$$00000011)
    .ARM.Collect$$$$00002712                 0x08000164   Section        4  entry2.o(.ARM.Collect$$$$00002712)
    __lit__00000000                          0x08000164   Data           4  entry2.o(.ARM.Collect$$$$00002712)
    .text                                    0x08000168   Section       36  startup_gd32f3x0.o(.text)
    .text                                    0x0800018c   Section        0  fadd.o(.text)
    .text                                    0x0800023c   Section        0  fmul.o(.text)
    .text                                    0x080002a0   Section        0  fscalb.o(.text)
    .text                                    0x080002b8   Section        0  dmul.o(.text)
    .text                                    0x0800039c   Section        0  ddiv.o(.text)
    .text                                    0x0800047a   Section        0  fflti.o(.text)
    .text                                    0x0800048c   Section        0  ffixui.o(.text)
    .text                                    0x080004b4   Section        0  f2d.o(.text)
    .text                                    0x080004da   Section        0  uidiv.o(.text)
    .text                                    0x08000506   Section        0  uldiv.o(.text)
    .text                                    0x08000568   Section        0  llushr.o(.text)
    .text                                    0x08000588   Section        0  iusefp.o(.text)
    .text                                    0x08000588   Section        0  fepilogue.o(.text)
    .text                                    0x080005f6   Section        0  depilogue.o(.text)
    .text                                    0x080006b0   Section        0  dadd.o(.text)
    .text                                    0x080007fe   Section        0  dfixul.o(.text)
    .text                                    0x08000830   Section       48  cdrcmple.o(.text)
    .text                                    0x08000860   Section       36  init.o(.text)
    .text                                    0x08000884   Section        0  llshl.o(.text)
    .text                                    0x080008a2   Section        0  llsshr.o(.text)
    .text                                    0x080008c6   Section        0  __dczerorl2.o(.text)
    i.EXTI4_15_IRQHandler                    0x0800091c   Section        0  drv_exit.o(i.EXTI4_15_IRQHandler)
    i.NVIC_SetPriority                       0x08000970   Section        0  drv_systime.o(i.NVIC_SetPriority)
    NVIC_SetPriority                         0x08000971   Thumb Code    32  drv_systime.o(i.NVIC_SetPriority)
    i.SysTick_Config                         0x08000990   Section        0  drv_systime.o(i.SysTick_Config)
    SysTick_Config                           0x08000991   Thumb Code    40  drv_systime.o(i.SysTick_Config)
    i.SysTick_Handler                        0x080009b8   Section        0  drv_systime.o(i.SysTick_Handler)
    i.SystemInit                             0x080009cc   Section        0  system_gd32f3x0.o(i.SystemInit)
    i.TIMER0_Channel_IRQHandler              0x08000b1c   Section        0  drv_step_motor.o(i.TIMER0_Channel_IRQHandler)
    i.TIMER13_IRQHandler                     0x08000c68   Section        0  drv_time.o(i.TIMER13_IRQHandler)
    i.TIMER1_IRQHandler                      0x08000cac   Section        0  drv_step_motor.o(i.TIMER1_IRQHandler)
    i.USART0_IRQHandler                      0x08000df4   Section        0  drv_uart.o(i.USART0_IRQHandler)
    i.__0printf                              0x08000e48   Section        0  printfa.o(i.__0printf)
    i.__scatterload_copy                     0x08000e68   Section       14  handlers.o(i.__scatterload_copy)
    i.__scatterload_null                     0x08000e76   Section        2  handlers.o(i.__scatterload_null)
    i.__scatterload_zeroinit                 0x08000e78   Section       14  handlers.o(i.__scatterload_zeroinit)
    i._fp_digits                             0x08000e88   Section        0  printfa.o(i._fp_digits)
    _fp_digits                               0x08000e89   Thumb Code   366  printfa.o(i._fp_digits)
    i._printf_core                           0x0800100c   Section        0  printfa.o(i._printf_core)
    _printf_core                             0x0800100d   Thumb Code  1704  printfa.o(i._printf_core)
    i._printf_post_padding                   0x080016c0   Section        0  printfa.o(i._printf_post_padding)
    _printf_post_padding                     0x080016c1   Thumb Code    36  printfa.o(i._printf_post_padding)
    i._printf_pre_padding                    0x080016e4   Section        0  printfa.o(i._printf_pre_padding)
    _printf_pre_padding                      0x080016e5   Thumb Code    46  printfa.o(i._printf_pre_padding)
    i.compute_motor_new_speed                0x08001714   Section        0  drv_step_motor.o(i.compute_motor_new_speed)
    compute_motor_new_speed                  0x08001715   Thumb Code   318  drv_step_motor.o(i.compute_motor_new_speed)
    i.compute_motor_new_speed_by_speed       0x08001860   Section        0  drv_step_motor.o(i.compute_motor_new_speed_by_speed)
    compute_motor_new_speed_by_speed         0x08001861   Thumb Code   190  drv_step_motor.o(i.compute_motor_new_speed_by_speed)
    i.compute_new_speed                      0x08001928   Section        0  drv_step_motor.o(i.compute_new_speed)
    i.drv_gpio_digital_write                 0x08001948   Section        0  drv_gpio.o(i.drv_gpio_digital_write)
    i.drv_systime_init                       0x08001960   Section        0  drv_systime.o(i.drv_systime_init)
    i.drv_uart0_init                         0x0800198c   Section        0  drv_uart.o(i.drv_uart0_init)
    i.drv_uart_tx_rx                         0x08001a50   Section        0  drv_uart.o(i.drv_uart_tx_rx)
    i.exti_init                              0x08001a74   Section        0  gd32f3x0_exti.o(i.exti_init)
    i.exti_interrupt_flag_clear              0x08001adc   Section        0  gd32f3x0_exti.o(i.exti_interrupt_flag_clear)
    i.exti_interrupt_flag_get                0x08001ae8   Section        0  gd32f3x0_exti.o(i.exti_interrupt_flag_get)
    i.fputc                                  0x08001b0c   Section        0  drv_uart.o(i.fputc)
    i.gpio_af_set                            0x08001b34   Section        0  gd32f3x0_gpio.o(i.gpio_af_set)
    i.gpio_bit_write                         0x08001b8a   Section        0  gd32f3x0_gpio.o(i.gpio_bit_write)
    i.gpio_mode_set                          0x08001b94   Section        0  gd32f3x0_gpio.o(i.gpio_mode_set)
    i.gpio_output_options_set                0x08001bdc   Section        0  gd32f3x0_gpio.o(i.gpio_output_options_set)
    i.int_config                             0x08001c4a   Section        0  drv_exit.o(i.int_config)
    i.main                                   0x08001cd4   Section        0  main.o(i.main)
    i.map                                    0x08001d20   Section        0  drv_step_motor.o(i.map)
    map                                      0x08001d21   Thumb Code    20  drv_step_motor.o(i.map)
    i.motor_driver_pin_init                  0x08001d34   Section        0  drv_motor.o(i.motor_driver_pin_init)
    i.motor_go                               0x08001d88   Section        0  drv_motor_control.o(i.motor_go)
    i.motor_init                             0x08001dfc   Section        0  drv_motor.o(i.motor_init)
    i.motor_pin_config                       0x08001e0c   Section        0  drv_motor.o(i.motor_pin_config)
    i.motor_speed_pid                        0x08001eac   Section        0  drv_motor_control.o(i.motor_speed_pid)
    i.nvic_irq_enable                        0x08001f90   Section        0  gd32f3x0_misc.o(i.nvic_irq_enable)
    i.nvic_priority_group_set                0x08002018   Section        0  gd32f3x0_misc.o(i.nvic_priority_group_set)
    i.nvic_vector_table_set                  0x0800202c   Section        0  gd32f3x0_misc.o(i.nvic_vector_table_set)
    i.rcu_clock_freq_get                     0x08002040   Section        0  gd32f3x0_rcu.o(i.rcu_clock_freq_get)
    i.rcu_periph_clock_enable                0x080021fc   Section        0  gd32f3x0_rcu.o(i.rcu_periph_clock_enable)
    i.rcu_periph_reset_disable               0x08002218   Section        0  gd32f3x0_rcu.o(i.rcu_periph_reset_disable)
    i.rcu_periph_reset_enable                0x08002234   Section        0  gd32f3x0_rcu.o(i.rcu_periph_reset_enable)
    i.set_get_speed_time                     0x08002250   Section        0  drv_systime.o(i.set_get_speed_time)
    i.spwm_stop                              0x08002290   Section        0  drv_step_motor.o(i.spwm_stop)
    spwm_stop                                0x08002291   Thumb Code    14  drv_step_motor.o(i.spwm_stop)
    i.step_sleep                             0x080022a4   Section        0  drv_step_motor.o(i.step_sleep)
    i.syscfg_exti_line_config                0x080022c8   Section        0  gd32f3x0_syscfg.o(i.syscfg_exti_line_config)
    i.system_clock_84m_hxtal                 0x08002324   Section        0  system_gd32f3x0.o(i.system_clock_84m_hxtal)
    system_clock_84m_hxtal                   0x08002325   Thumb Code   128  system_gd32f3x0.o(i.system_clock_84m_hxtal)
    i.timer0_config                          0x080023b4   Section        0  drv_pwm.o(i.timer0_config)
    i.timer1_config                          0x0800248c   Section        0  drv_pwm.o(i.timer1_config)
    i.timer_auto_reload_shadow_enable        0x08002550   Section        0  gd32f3x0_timer.o(i.timer_auto_reload_shadow_enable)
    i.timer_channel_output_config            0x0800255c   Section        0  gd32f3x0_timer.o(i.timer_channel_output_config)
    i.timer_channel_output_mode_config       0x0800274c   Section        0  gd32f3x0_timer.o(i.timer_channel_output_mode_config)
    i.timer_channel_output_pulse_value_config 0x0800279a   Section        0  gd32f3x0_timer.o(i.timer_channel_output_pulse_value_config)
    i.timer_channel_output_shadow_config     0x080027b8   Section        0  gd32f3x0_timer.o(i.timer_channel_output_shadow_config)
    i.timer_deinit                           0x08002808   Section        0  gd32f3x0_timer.o(i.timer_deinit)
    i.timer_disable                          0x0800287c   Section        0  gd32f3x0_timer.o(i.timer_disable)
    i.timer_enable                           0x08002886   Section        0  gd32f3x0_timer.o(i.timer_enable)
    i.timer_init                             0x08002890   Section        0  gd32f3x0_timer.o(i.timer_init)
    i.timer_interrupt_flag_clear             0x08002930   Section        0  gd32f3x0_timer.o(i.timer_interrupt_flag_clear)
    i.timer_interrupt_flag_get               0x08002936   Section        0  gd32f3x0_timer.o(i.timer_interrupt_flag_get)
    i.timer_primary_output_config            0x0800294a   Section        0  gd32f3x0_timer.o(i.timer_primary_output_config)
    i.timer_update_source_config             0x0800295e   Section        0  gd32f3x0_timer.o(i.timer_update_source_config)
    i.usart_baudrate_set                     0x08002978   Section        0  gd32f3x0_usart.o(i.usart_baudrate_set)
    i.usart_data_receive                     0x080029cc   Section        0  gd32f3x0_usart.o(i.usart_data_receive)
    i.usart_data_transmit                    0x080029d4   Section        0  gd32f3x0_usart.o(i.usart_data_transmit)
    i.usart_deinit                           0x080029dc   Section        0  gd32f3x0_usart.o(i.usart_deinit)
    i.usart_enable                           0x08002a0c   Section        0  gd32f3x0_usart.o(i.usart_enable)
    i.usart_flag_get                         0x08002a16   Section        0  gd32f3x0_usart.o(i.usart_flag_get)
    i.usart_interrupt_disable                0x08002a2c   Section        0  gd32f3x0_usart.o(i.usart_interrupt_disable)
    i.usart_interrupt_enable                 0x08002a40   Section        0  gd32f3x0_usart.o(i.usart_interrupt_enable)
    i.usart_interrupt_flag_get               0x08002a54   Section        0  gd32f3x0_usart.o(i.usart_interrupt_flag_get)
    i.usart_overrun_disable                  0x08002a84   Section        0  gd32f3x0_usart.o(i.usart_overrun_disable)
    i.usart_parity_config                    0x08002a96   Section        0  gd32f3x0_usart.o(i.usart_parity_config)
    i.usart_receive_config                   0x08002aae   Section        0  gd32f3x0_usart.o(i.usart_receive_config)
    i.usart_receive_fifo_enable              0x08002abe   Section        0  gd32f3x0_usart.o(i.usart_receive_fifo_enable)
    i.usart_stop_bit_set                     0x08002aca   Section        0  gd32f3x0_usart.o(i.usart_stop_bit_set)
    i.usart_transmit_config                  0x08002ae2   Section        0  gd32f3x0_usart.o(i.usart_transmit_config)
    i.usart_word_length_set                  0x08002af2   Section        0  gd32f3x0_usart.o(i.usart_word_length_set)
    .data                                    0x20000000   Section        4  system_gd32f3x0.o(.data)
    .data                                    0x20000004   Section        4  main.o(.data)
    .data                                    0x20000008   Section        4  main.o(.data)
    .data                                    0x2000000c   Section        4  main.o(.data)
    .data                                    0x20000010   Section        4  main.o(.data)
    .data                                    0x20000014   Section        4  main.o(.data)
    .data                                    0x20000018   Section        4  main.o(.data)
    .data                                    0x2000001c   Section        4  main.o(.data)
    .data                                    0x20000020   Section        4  main.o(.data)
    .data                                    0x20000024   Section        4  main.o(.data)
    .data                                    0x20000028   Section        4  main.o(.data)
    .data                                    0x2000002c   Section       12  drv_systime.o(.data)
    .data                                    0x20000038   Section        4  drv_uart.o(.data)
    .data                                    0x2000003c   Section      524  drv_step_motor.o(.data)
    previous_motor_left_pos                  0x20000040   Data           4  drv_step_motor.o(.data)
    previous_motor_right_pos                 0x20000044   Data           4  drv_step_motor.o(.data)
    .data                                    0x20000248   Section        4  drv_time.o(.data)
    .data                                    0x2000024c   Section        4  stdout.o(.data)
    .bss                                     0x20000250   Section      104  drv_step_motor.o(.bss)
    STACK                                    0x200002b8   Section     1024  startup_gd32f3x0.o(STACK)

    Global Symbols

    Symbol Name                              Value     Ov Type        Size  Object(Section)

    BuildAttributes$$THM_ISAv4$E$P$D$K$B$S$7EM$PE$A:L22UL41UL21$X:L11$S22US41US21$IEEE1$IW$USESV6$~STKCKD$USESV7$~SHL$OTIME$ROPI$IEEEJ$EBA8$MICROLIB$REQ8$PRES8$EABIv2 0x00000000   Number         0  anon$$obj.o ABSOLUTE
    __ARM_use_no_argv                        0x00000000   Number         0  main.o ABSOLUTE
    _printf_a                                0x00000000   Number         0  stubs.o ABSOLUTE
    _printf_c                                0x00000000   Number         0  stubs.o ABSOLUTE
    _printf_charcount                        0x00000000   Number         0  stubs.o ABSOLUTE
    _printf_d                                0x00000000   Number         0  stubs.o ABSOLUTE
    _printf_e                                0x00000000   Number         0  stubs.o ABSOLUTE
    _printf_f                                0x00000000   Number         0  stubs.o ABSOLUTE
    _printf_flags                            0x00000000   Number         0  stubs.o ABSOLUTE
    _printf_fp_dec                           0x00000000   Number         0  stubs.o ABSOLUTE
    _printf_fp_hex                           0x00000000   Number         0  stubs.o ABSOLUTE
    _printf_g                                0x00000000   Number         0  stubs.o ABSOLUTE
    _printf_i                                0x00000000   Number         0  stubs.o ABSOLUTE
    _printf_int_dec                          0x00000000   Number         0  stubs.o ABSOLUTE
    _printf_l                                0x00000000   Number         0  stubs.o ABSOLUTE
    _printf_lc                               0x00000000   Number         0  stubs.o ABSOLUTE
    _printf_ll                               0x00000000   Number         0  stubs.o ABSOLUTE
    _printf_lld                              0x00000000   Number         0  stubs.o ABSOLUTE
    _printf_lli                              0x00000000   Number         0  stubs.o ABSOLUTE
    _printf_llo                              0x00000000   Number         0  stubs.o ABSOLUTE
    _printf_llu                              0x00000000   Number         0  stubs.o ABSOLUTE
    _printf_llx                              0x00000000   Number         0  stubs.o ABSOLUTE
    _printf_longlong_dec                     0x00000000   Number         0  stubs.o ABSOLUTE
    _printf_longlong_hex                     0x00000000   Number         0  stubs.o ABSOLUTE
    _printf_longlong_oct                     0x00000000   Number         0  stubs.o ABSOLUTE
    _printf_ls                               0x00000000   Number         0  stubs.o ABSOLUTE
    _printf_mbtowc                           0x00000000   Number         0  stubs.o ABSOLUTE
    _printf_n                                0x00000000   Number         0  stubs.o ABSOLUTE
    _printf_o                                0x00000000   Number         0  stubs.o ABSOLUTE
    _printf_p                                0x00000000   Number         0  stubs.o ABSOLUTE
    _printf_percent                          0x00000000   Number         0  stubs.o ABSOLUTE
    _printf_pre_padding                      0x00000000   Number         0  stubs.o ABSOLUTE
    _printf_return_value                     0x00000000   Number         0  stubs.o ABSOLUTE
    _printf_s                                0x00000000   Number         0  stubs.o ABSOLUTE
    _printf_sizespec                         0x00000000   Number         0  stubs.o ABSOLUTE
    _printf_str                              0x00000000   Number         0  stubs.o ABSOLUTE
    _printf_truncate_signed                  0x00000000   Number         0  stubs.o ABSOLUTE
    _printf_truncate_unsigned                0x00000000   Number         0  stubs.o ABSOLUTE
    _printf_u                                0x00000000   Number         0  stubs.o ABSOLUTE
    _printf_wc                               0x00000000   Number         0  stubs.o ABSOLUTE
    _printf_wctomb                           0x00000000   Number         0  stubs.o ABSOLUTE
    _printf_widthprec                        0x00000000   Number         0  stubs.o ABSOLUTE
    _printf_x                                0x00000000   Number         0  stubs.o ABSOLUTE
    __arm_fini_                               - Undefined Weak Reference
    __cpp_initialize__aeabi_                  - Undefined Weak Reference
    __cxa_finalize                            - Undefined Weak Reference
    _clock_init                               - Undefined Weak Reference
    _microlib_exit                            - Undefined Weak Reference
    __Vectors_Size                           0x00000150   Number         0  startup_gd32f3x0.o ABSOLUTE
    __Vectors                                0x08000000   Data           4  startup_gd32f3x0.o(RESET)
    __Vectors_End                            0x08000150   Data           0  startup_gd32f3x0.o(RESET)
    __main                                   0x08000151   Thumb Code     0  entry.o(.ARM.Collect$$$$00000000)
    _main_stk                                0x08000151   Thumb Code     0  entry2.o(.ARM.Collect$$$$00000001)
    _main_scatterload                        0x08000155   Thumb Code     0  entry5.o(.ARM.Collect$$$$00000004)
    __main_after_scatterload                 0x08000159   Thumb Code     0  entry5.o(.ARM.Collect$$$$00000004)
    _main_clock                              0x08000159   Thumb Code     0  entry7b.o(.ARM.Collect$$$$00000008)
    _main_cpp_init                           0x08000159   Thumb Code     0  entry8b.o(.ARM.Collect$$$$0000000A)
    _main_init                               0x08000159   Thumb Code     0  entry9a.o(.ARM.Collect$$$$0000000B)
    __rt_lib_shutdown_fini                   0x08000161   Thumb Code     0  entry12b.o(.ARM.Collect$$$$0000000E)
    __rt_final_cpp                           0x08000165   Thumb Code     0  entry10a.o(.ARM.Collect$$$$0000000F)
    __rt_final_exit                          0x08000165   Thumb Code     0  entry11a.o(.ARM.Collect$$$$00000011)
    Reset_Handler                            0x08000169   Thumb Code     8  startup_gd32f3x0.o(.text)
    NMI_Handler                              0x08000171   Thumb Code     2  startup_gd32f3x0.o(.text)
    HardFault_Handler                        0x08000173   Thumb Code     2  startup_gd32f3x0.o(.text)
    MemManage_Handler                        0x08000175   Thumb Code     2  startup_gd32f3x0.o(.text)
    BusFault_Handler                         0x08000177   Thumb Code     2  startup_gd32f3x0.o(.text)
    UsageFault_Handler                       0x08000179   Thumb Code     2  startup_gd32f3x0.o(.text)
    SVC_Handler                              0x0800017b   Thumb Code     2  startup_gd32f3x0.o(.text)
    DebugMon_Handler                         0x0800017d   Thumb Code     2  startup_gd32f3x0.o(.text)
    PendSV_Handler                           0x0800017f   Thumb Code     2  startup_gd32f3x0.o(.text)
    ADC_CMP_IRQHandler                       0x08000183   Thumb Code     0  startup_gd32f3x0.o(.text)
    CEC_IRQHandler                           0x08000183   Thumb Code     0  startup_gd32f3x0.o(.text)
    DMA_Channel0_IRQHandler                  0x08000183   Thumb Code     0  startup_gd32f3x0.o(.text)
    DMA_Channel1_2_IRQHandler                0x08000183   Thumb Code     0  startup_gd32f3x0.o(.text)
    DMA_Channel3_4_IRQHandler                0x08000183   Thumb Code     0  startup_gd32f3x0.o(.text)
    DMA_Channel5_6_IRQHandler                0x08000183   Thumb Code     0  startup_gd32f3x0.o(.text)
    EXTI0_1_IRQHandler                       0x08000183   Thumb Code     0  startup_gd32f3x0.o(.text)
    EXTI2_3_IRQHandler                       0x08000183   Thumb Code     0  startup_gd32f3x0.o(.text)
    FMC_IRQHandler                           0x08000183   Thumb Code     0  startup_gd32f3x0.o(.text)
    I2C0_ER_IRQHandler                       0x08000183   Thumb Code     0  startup_gd32f3x0.o(.text)
    I2C0_EV_IRQHandler                       0x08000183   Thumb Code     0  startup_gd32f3x0.o(.text)
    I2C1_ER_IRQHandler                       0x08000183   Thumb Code     0  startup_gd32f3x0.o(.text)
    I2C1_EV_IRQHandler                       0x08000183   Thumb Code     0  startup_gd32f3x0.o(.text)
    LVD_IRQHandler                           0x08000183   Thumb Code     0  startup_gd32f3x0.o(.text)
    RCU_CTC_IRQHandler                       0x08000183   Thumb Code     0  startup_gd32f3x0.o(.text)
    RTC_IRQHandler                           0x08000183   Thumb Code     0  startup_gd32f3x0.o(.text)
    SPI0_IRQHandler                          0x08000183   Thumb Code     0  startup_gd32f3x0.o(.text)
    SPI1_IRQHandler                          0x08000183   Thumb Code     0  startup_gd32f3x0.o(.text)
    TIMER0_BRK_UP_TRG_COM_IRQHandler         0x08000183   Thumb Code     0  startup_gd32f3x0.o(.text)
    TIMER14_IRQHandler                       0x08000183   Thumb Code     0  startup_gd32f3x0.o(.text)
    TIMER15_IRQHandler                       0x08000183   Thumb Code     0  startup_gd32f3x0.o(.text)
    TIMER16_IRQHandler                       0x08000183   Thumb Code     0  startup_gd32f3x0.o(.text)
    TIMER2_IRQHandler                        0x08000183   Thumb Code     0  startup_gd32f3x0.o(.text)
    TIMER5_DAC_IRQHandler                    0x08000183   Thumb Code     0  startup_gd32f3x0.o(.text)
    TSI_IRQHandler                           0x08000183   Thumb Code     0  startup_gd32f3x0.o(.text)
    USART1_IRQHandler                        0x08000183   Thumb Code     0  startup_gd32f3x0.o(.text)
    USBFS_IRQHandler                         0x08000183   Thumb Code     0  startup_gd32f3x0.o(.text)
    USBFS_WKUP_IRQHandler                    0x08000183   Thumb Code     0  startup_gd32f3x0.o(.text)
    WWDGT_IRQHandler                         0x08000183   Thumb Code     0  startup_gd32f3x0.o(.text)
    __aeabi_fadd                             0x0800018d   Thumb Code   164  fadd.o(.text)
    __aeabi_fsub                             0x08000231   Thumb Code     6  fadd.o(.text)
    __aeabi_frsub                            0x08000237   Thumb Code     6  fadd.o(.text)
    __aeabi_fmul                             0x0800023d   Thumb Code   100  fmul.o(.text)
    __ARM_scalbnf                            0x080002a1   Thumb Code    24  fscalb.o(.text)
    scalbnf                                  0x080002a1   Thumb Code     0  fscalb.o(.text)
    __aeabi_dmul                             0x080002b9   Thumb Code   228  dmul.o(.text)
    __aeabi_ddiv                             0x0800039d   Thumb Code   222  ddiv.o(.text)
    __aeabi_i2f                              0x0800047b   Thumb Code    18  fflti.o(.text)
    __aeabi_f2uiz                            0x0800048d   Thumb Code    40  ffixui.o(.text)
    __aeabi_f2d                              0x080004b5   Thumb Code    38  f2d.o(.text)
    __aeabi_uidiv                            0x080004db   Thumb Code     0  uidiv.o(.text)
    __aeabi_uidivmod                         0x080004db   Thumb Code    44  uidiv.o(.text)
    __aeabi_uldivmod                         0x08000507   Thumb Code    98  uldiv.o(.text)
    __aeabi_llsr                             0x08000569   Thumb Code    32  llushr.o(.text)
    _ll_ushift_r                             0x08000569   Thumb Code     0  llushr.o(.text)
    __I$use$fp                               0x08000589   Thumb Code     0  iusefp.o(.text)
    _float_round                             0x08000589   Thumb Code    18  fepilogue.o(.text)
    _float_epilogue                          0x0800059b   Thumb Code    92  fepilogue.o(.text)
    _double_round                            0x080005f7   Thumb Code    30  depilogue.o(.text)
    _double_epilogue                         0x08000615   Thumb Code   156  depilogue.o(.text)
    __aeabi_dadd                             0x080006b1   Thumb Code   322  dadd.o(.text)
    __aeabi_dsub                             0x080007f3   Thumb Code     6  dadd.o(.text)
    __aeabi_drsub                            0x080007f9   Thumb Code     6  dadd.o(.text)
    __aeabi_d2ulz                            0x080007ff   Thumb Code    48  dfixul.o(.text)
    __aeabi_cdrcmple                         0x08000831   Thumb Code    48  cdrcmple.o(.text)
    __scatterload                            0x08000861   Thumb Code    28  init.o(.text)
    __scatterload_rt2                        0x08000861   Thumb Code     0  init.o(.text)
    __aeabi_llsl                             0x08000885   Thumb Code    30  llshl.o(.text)
    _ll_shift_l                              0x08000885   Thumb Code     0  llshl.o(.text)
    __aeabi_lasr                             0x080008a3   Thumb Code    36  llsshr.o(.text)
    _ll_sshift_r                             0x080008a3   Thumb Code     0  llsshr.o(.text)
    __decompress                             0x080008c7   Thumb Code     0  __dczerorl2.o(.text)
    __decompress1                            0x080008c7   Thumb Code    86  __dczerorl2.o(.text)
    EXTI4_15_IRQHandler                      0x0800091d   Thumb Code    80  drv_exit.o(i.EXTI4_15_IRQHandler)
    SysTick_Handler                          0x080009b9   Thumb Code    16  drv_systime.o(i.SysTick_Handler)
    SystemInit                               0x080009cd   Thumb Code   300  system_gd32f3x0.o(i.SystemInit)
    TIMER0_Channel_IRQHandler                0x08000b1d   Thumb Code   314  drv_step_motor.o(i.TIMER0_Channel_IRQHandler)
    TIMER13_IRQHandler                       0x08000c69   Thumb Code    52  drv_time.o(i.TIMER13_IRQHandler)
    TIMER1_IRQHandler                        0x08000cad   Thumb Code   316  drv_step_motor.o(i.TIMER1_IRQHandler)
    USART0_IRQHandler                        0x08000df5   Thumb Code    66  drv_uart.o(i.USART0_IRQHandler)
    __0printf                                0x08000e49   Thumb Code    22  printfa.o(i.__0printf)
    __1printf                                0x08000e49   Thumb Code     0  printfa.o(i.__0printf)
    __2printf                                0x08000e49   Thumb Code     0  printfa.o(i.__0printf)
    __c89printf                              0x08000e49   Thumb Code     0  printfa.o(i.__0printf)
    printf                                   0x08000e49   Thumb Code     0  printfa.o(i.__0printf)
    __scatterload_copy                       0x08000e69   Thumb Code    14  handlers.o(i.__scatterload_copy)
    __scatterload_null                       0x08000e77   Thumb Code     2  handlers.o(i.__scatterload_null)
    __scatterload_zeroinit                   0x08000e79   Thumb Code    14  handlers.o(i.__scatterload_zeroinit)
    compute_new_speed                        0x08001929   Thumb Code    28  drv_step_motor.o(i.compute_new_speed)
    drv_gpio_digital_write                   0x08001949   Thumb Code    24  drv_gpio.o(i.drv_gpio_digital_write)
    drv_systime_init                         0x08001961   Thumb Code    36  drv_systime.o(i.drv_systime_init)
    drv_uart0_init                           0x0800198d   Thumb Code   186  drv_uart.o(i.drv_uart0_init)
    drv_uart_tx_rx                           0x08001a51   Thumb Code    32  drv_uart.o(i.drv_uart_tx_rx)
    exti_init                                0x08001a75   Thumb Code    98  gd32f3x0_exti.o(i.exti_init)
    exti_interrupt_flag_clear                0x08001add   Thumb Code     6  gd32f3x0_exti.o(i.exti_interrupt_flag_clear)
    exti_interrupt_flag_get                  0x08001ae9   Thumb Code    26  gd32f3x0_exti.o(i.exti_interrupt_flag_get)
    fputc                                    0x08001b0d   Thumb Code    34  drv_uart.o(i.fputc)
    gpio_af_set                              0x08001b35   Thumb Code    86  gd32f3x0_gpio.o(i.gpio_af_set)
    gpio_bit_write                           0x08001b8b   Thumb Code    10  gd32f3x0_gpio.o(i.gpio_bit_write)
    gpio_mode_set                            0x08001b95   Thumb Code    72  gd32f3x0_gpio.o(i.gpio_mode_set)
    gpio_output_options_set                  0x08001bdd   Thumb Code   110  gd32f3x0_gpio.o(i.gpio_output_options_set)
    int_config                               0x08001c4b   Thumb Code   136  drv_exit.o(i.int_config)
    main                                     0x08001cd5   Thumb Code    70  main.o(i.main)
    motor_driver_pin_init                    0x08001d35   Thumb Code    84  drv_motor.o(i.motor_driver_pin_init)
    motor_go                                 0x08001d89   Thumb Code   110  drv_motor_control.o(i.motor_go)
    motor_init                               0x08001dfd   Thumb Code    14  drv_motor.o(i.motor_init)
    motor_pin_config                         0x08001e0d   Thumb Code   156  drv_motor.o(i.motor_pin_config)
    motor_speed_pid                          0x08001ead   Thumb Code   158  drv_motor_control.o(i.motor_speed_pid)
    nvic_irq_enable                          0x08001f91   Thumb Code   132  gd32f3x0_misc.o(i.nvic_irq_enable)
    nvic_priority_group_set                  0x08002019   Thumb Code    10  gd32f3x0_misc.o(i.nvic_priority_group_set)
    nvic_vector_table_set                    0x0800202d   Thumb Code    12  gd32f3x0_misc.o(i.nvic_vector_table_set)
    rcu_clock_freq_get                       0x08002041   Thumb Code   404  gd32f3x0_rcu.o(i.rcu_clock_freq_get)
    rcu_periph_clock_enable                  0x080021fd   Thumb Code    22  gd32f3x0_rcu.o(i.rcu_periph_clock_enable)
    rcu_periph_reset_disable                 0x08002219   Thumb Code    22  gd32f3x0_rcu.o(i.rcu_periph_reset_disable)
    rcu_periph_reset_enable                  0x08002235   Thumb Code    22  gd32f3x0_rcu.o(i.rcu_periph_reset_enable)
    set_get_speed_time                       0x08002251   Thumb Code    48  drv_systime.o(i.set_get_speed_time)
    step_sleep                               0x080022a5   Thumb Code    34  drv_step_motor.o(i.step_sleep)
    syscfg_exti_line_config                  0x080022c9   Thumb Code    86  gd32f3x0_syscfg.o(i.syscfg_exti_line_config)
    timer0_config                            0x080023b5   Thumb Code   210  drv_pwm.o(i.timer0_config)
    timer1_config                            0x0800248d   Thumb Code   196  drv_pwm.o(i.timer1_config)
    timer_auto_reload_shadow_enable          0x08002551   Thumb Code    10  gd32f3x0_timer.o(i.timer_auto_reload_shadow_enable)
    timer_channel_output_config              0x0800255d   Thumb Code   480  gd32f3x0_timer.o(i.timer_channel_output_config)
    timer_channel_output_mode_config         0x0800274d   Thumb Code    78  gd32f3x0_timer.o(i.timer_channel_output_mode_config)
    timer_channel_output_pulse_value_config  0x0800279b   Thumb Code    30  gd32f3x0_timer.o(i.timer_channel_output_pulse_value_config)
    timer_channel_output_shadow_config       0x080027b9   Thumb Code    78  gd32f3x0_timer.o(i.timer_channel_output_shadow_config)
    timer_deinit                             0x08002809   Thumb Code   106  gd32f3x0_timer.o(i.timer_deinit)
    timer_disable                            0x0800287d   Thumb Code    10  gd32f3x0_timer.o(i.timer_disable)
    timer_enable                             0x08002887   Thumb Code    10  gd32f3x0_timer.o(i.timer_enable)
    timer_init                               0x08002891   Thumb Code   136  gd32f3x0_timer.o(i.timer_init)
    timer_interrupt_flag_clear               0x08002931   Thumb Code     6  gd32f3x0_timer.o(i.timer_interrupt_flag_clear)
    timer_interrupt_flag_get                 0x08002937   Thumb Code    20  gd32f3x0_timer.o(i.timer_interrupt_flag_get)
    timer_primary_output_config              0x0800294b   Thumb Code    20  gd32f3x0_timer.o(i.timer_primary_output_config)
    timer_update_source_config               0x0800295f   Thumb Code    24  gd32f3x0_timer.o(i.timer_update_source_config)
    usart_baudrate_set                       0x08002979   Thumb Code    78  gd32f3x0_usart.o(i.usart_baudrate_set)
    usart_data_receive                       0x080029cd   Thumb Code     8  gd32f3x0_usart.o(i.usart_data_receive)
    usart_data_transmit                      0x080029d5   Thumb Code     8  gd32f3x0_usart.o(i.usart_data_transmit)
    usart_deinit                             0x080029dd   Thumb Code    42  gd32f3x0_usart.o(i.usart_deinit)
    usart_enable                             0x08002a0d   Thumb Code    10  gd32f3x0_usart.o(i.usart_enable)
    usart_flag_get                           0x08002a17   Thumb Code    22  gd32f3x0_usart.o(i.usart_flag_get)
    usart_interrupt_disable                  0x08002a2d   Thumb Code    20  gd32f3x0_usart.o(i.usart_interrupt_disable)
    usart_interrupt_enable                   0x08002a41   Thumb Code    20  gd32f3x0_usart.o(i.usart_interrupt_enable)
    usart_interrupt_flag_get                 0x08002a55   Thumb Code    48  gd32f3x0_usart.o(i.usart_interrupt_flag_get)
    usart_overrun_disable                    0x08002a85   Thumb Code    18  gd32f3x0_usart.o(i.usart_overrun_disable)
    usart_parity_config                      0x08002a97   Thumb Code    24  gd32f3x0_usart.o(i.usart_parity_config)
    usart_receive_config                     0x08002aaf   Thumb Code    16  gd32f3x0_usart.o(i.usart_receive_config)
    usart_receive_fifo_enable                0x08002abf   Thumb Code    12  gd32f3x0_usart.o(i.usart_receive_fifo_enable)
    usart_stop_bit_set                       0x08002acb   Thumb Code    24  gd32f3x0_usart.o(i.usart_stop_bit_set)
    usart_transmit_config                    0x08002ae3   Thumb Code    16  gd32f3x0_usart.o(i.usart_transmit_config)
    usart_word_length_set                    0x08002af3   Thumb Code    24  gd32f3x0_usart.o(i.usart_word_length_set)
    Region$$Table$$Base                      0x08002b0c   Number         0  anon$$obj.o(Region$$Table)
    Region$$Table$$Limit                     0x08002b2c   Number         0  anon$$obj.o(Region$$Table)
    SystemCoreClock                          0x20000000   Data           4  system_gd32f3x0.o(.data)
    err                                      0x20000004   Data           4  main.o(.data)
    last_err                                 0x20000008   Data           4  main.o(.data)
    previous_err                             0x2000000c   Data           4  main.o(.data)
    kp                                       0x20000010   Data           4  main.o(.data)
    ki                                       0x20000014   Data           4  main.o(.data)
    kd                                       0x20000018   Data           4  main.o(.data)
    out_value                                0x2000001c   Data           4  main.o(.data)
    current_pwm                              0x20000020   Data           4  main.o(.data)
    current_speed                            0x20000024   Data           4  main.o(.data)
    speed_count                              0x20000028   Data           4  main.o(.data)
    system_time                              0x2000002c   Data           4  drv_systime.o(.data)
    time_count                               0x20000030   Data           4  drv_systime.o(.data)
    mill_time                                0x20000034   Data           4  drv_systime.o(.data)
    a                                        0x20000038   Data           4  drv_uart.o(.data)
    motion_max_speed                         0x2000003c   Data           4  drv_step_motor.o(.data)
    sin_data                                 0x20000048   Data         512  drv_step_motor.o(.data)
    time                                     0x20000248   Data           4  drv_time.o(.data)
    __stdout                                 0x2000024c   Data           4  stdout.o(.data)
    motion_data                              0x20000250   Data         104  drv_step_motor.o(.bss)
    __initial_sp                             0x200006b8   Data           0  startup_gd32f3x0.o(STACK)



==============================================================================

Memory Map of the image

  Image Entry point : 0x08000151

  Load Region LR_IROM1 (Base: 0x08000000, Size: 0x00002d7c, Max: 0x00010000, ABSOLUTE, COMPRESSED[0x00002d00])

    Execution Region ER_IROM1 (Exec base: 0x08000000, Load base: 0x08000000, Size: 0x00002b2c, Max: 0x00010000, ABSOLUTE)

    Exec Addr    Load Addr    Size         Type   Attr      Idx    E Section Name        Object

    0x08000000   0x08000000   0x00000150   Data   RO          125    RESET               startup_gd32f3x0.o
    0x08000150   0x08000150   0x00000000   Code   RO         3486  * .ARM.Collect$$$$00000000  mc_w.l(entry.o)
    0x08000150   0x08000150   0x00000004   Code   RO         3778    .ARM.Collect$$$$00000001  mc_w.l(entry2.o)
    0x08000154   0x08000154   0x00000004   Code   RO         3781    .ARM.Collect$$$$00000004  mc_w.l(entry5.o)
    0x08000158   0x08000158   0x00000000   Code   RO         3783    .ARM.Collect$$$$00000008  mc_w.l(entry7b.o)
    0x08000158   0x08000158   0x00000000   Code   RO         3785    .ARM.Collect$$$$0000000A  mc_w.l(entry8b.o)
    0x08000158   0x08000158   0x00000008   Code   RO         3786    .ARM.Collect$$$$0000000B  mc_w.l(entry9a.o)
    0x08000160   0x08000160   0x00000004   Code   RO         3793    .ARM.Collect$$$$0000000E  mc_w.l(entry12b.o)
    0x08000164   0x08000164   0x00000000   Code   RO         3788    .ARM.Collect$$$$0000000F  mc_w.l(entry10a.o)
    0x08000164   0x08000164   0x00000000   Code   RO         3790    .ARM.Collect$$$$00000011  mc_w.l(entry11a.o)
    0x08000164   0x08000164   0x00000004   Code   RO         3779    .ARM.Collect$$$$00002712  mc_w.l(entry2.o)
    0x08000168   0x08000168   0x00000024   Code   RO          126    .text               startup_gd32f3x0.o
    0x0800018c   0x0800018c   0x000000b0   Code   RO         3752    .text               mf_w.l(fadd.o)
    0x0800023c   0x0800023c   0x00000064   Code   RO         3754    .text               mf_w.l(fmul.o)
    0x080002a0   0x080002a0   0x00000018   Code   RO         3756    .text               mf_w.l(fscalb.o)
    0x080002b8   0x080002b8   0x000000e4   Code   RO         3758    .text               mf_w.l(dmul.o)
    0x0800039c   0x0800039c   0x000000de   Code   RO         3760    .text               mf_w.l(ddiv.o)
    0x0800047a   0x0800047a   0x00000012   Code   RO         3764    .text               mf_w.l(fflti.o)
    0x0800048c   0x0800048c   0x00000028   Code   RO         3772    .text               mf_w.l(ffixui.o)
    0x080004b4   0x080004b4   0x00000026   Code   RO         3776    .text               mf_w.l(f2d.o)
    0x080004da   0x080004da   0x0000002c   Code   RO         3795    .text               mc_w.l(uidiv.o)
    0x08000506   0x08000506   0x00000062   Code   RO         3797    .text               mc_w.l(uldiv.o)
    0x08000568   0x08000568   0x00000020   Code   RO         3799    .text               mc_w.l(llushr.o)
    0x08000588   0x08000588   0x00000000   Code   RO         3808    .text               mc_w.l(iusefp.o)
    0x08000588   0x08000588   0x0000006e   Code   RO         3809    .text               mf_w.l(fepilogue.o)
    0x080005f6   0x080005f6   0x000000ba   Code   RO         3811    .text               mf_w.l(depilogue.o)
    0x080006b0   0x080006b0   0x0000014e   Code   RO         3813    .text               mf_w.l(dadd.o)
    0x080007fe   0x080007fe   0x00000030   Code   RO         3819    .text               mf_w.l(dfixul.o)
    0x0800082e   0x0800082e   0x00000002   PAD
    0x08000830   0x08000830   0x00000030   Code   RO         3823    .text               mf_w.l(cdrcmple.o)
    0x08000860   0x08000860   0x00000024   Code   RO         3825    .text               mc_w.l(init.o)
    0x08000884   0x08000884   0x0000001e   Code   RO         3827    .text               mc_w.l(llshl.o)
    0x080008a2   0x080008a2   0x00000024   Code   RO         3829    .text               mc_w.l(llsshr.o)
    0x080008c6   0x080008c6   0x00000056   Code   RO         3839    .text               mc_w.l(__dczerorl2.o)
    0x0800091c   0x0800091c   0x00000054   Code   RO         3122    i.EXTI4_15_IRQHandler  drv_exit.o
    0x08000970   0x08000970   0x00000020   Code   RO         2452    i.NVIC_SetPriority  drv_systime.o
    0x08000990   0x08000990   0x00000028   Code   RO         2453    i.SysTick_Config    drv_systime.o
    0x080009b8   0x080009b8   0x00000014   Code   RO         2454    i.SysTick_Handler   drv_systime.o
    0x080009cc   0x080009cc   0x00000150   Code   RO            4    i.SystemInit        system_gd32f3x0.o
    0x08000b1c   0x08000b1c   0x0000014c   Code   RO         2762    i.TIMER0_Channel_IRQHandler  drv_step_motor.o
    0x08000c68   0x08000c68   0x00000044   Code   RO         3208    i.TIMER13_IRQHandler  drv_time.o
    0x08000cac   0x08000cac   0x00000148   Code   RO         2763    i.TIMER1_IRQHandler  drv_step_motor.o
    0x08000df4   0x08000df4   0x00000054   Code   RO         2542    i.USART0_IRQHandler  drv_uart.o
    0x08000e48   0x08000e48   0x00000020   Code   RO         3724    i.__0printf         mc_w.l(printfa.o)
    0x08000e68   0x08000e68   0x0000000e   Code   RO         3833    i.__scatterload_copy  mc_w.l(handlers.o)
    0x08000e76   0x08000e76   0x00000002   Code   RO         3834    i.__scatterload_null  mc_w.l(handlers.o)
    0x08000e78   0x08000e78   0x0000000e   Code   RO         3835    i.__scatterload_zeroinit  mc_w.l(handlers.o)
    0x08000e86   0x08000e86   0x00000002   PAD
    0x08000e88   0x08000e88   0x00000184   Code   RO         3731    i._fp_digits        mc_w.l(printfa.o)
    0x0800100c   0x0800100c   0x000006b4   Code   RO         3732    i._printf_core      mc_w.l(printfa.o)
    0x080016c0   0x080016c0   0x00000024   Code   RO         3733    i._printf_post_padding  mc_w.l(printfa.o)
    0x080016e4   0x080016e4   0x0000002e   Code   RO         3734    i._printf_pre_padding  mc_w.l(printfa.o)
    0x08001712   0x08001712   0x00000002   PAD
    0x08001714   0x08001714   0x0000014c   Code   RO         2764    i.compute_motor_new_speed  drv_step_motor.o
    0x08001860   0x08001860   0x000000c8   Code   RO         2765    i.compute_motor_new_speed_by_speed  drv_step_motor.o
    0x08001928   0x08001928   0x00000020   Code   RO         2766    i.compute_new_speed  drv_step_motor.o
    0x08001948   0x08001948   0x00000018   Code   RO         2319    i.drv_gpio_digital_write  drv_gpio.o
    0x08001960   0x08001960   0x0000002c   Code   RO         2459    i.drv_systime_init  drv_systime.o
    0x0800198c   0x0800198c   0x000000c4   Code   RO         2543    i.drv_uart0_init    drv_uart.o
    0x08001a50   0x08001a50   0x00000024   Code   RO         2546    i.drv_uart_tx_rx    drv_uart.o
    0x08001a74   0x08001a74   0x00000068   Code   RO          472    i.exti_init         gd32f3x0_exti.o
    0x08001adc   0x08001adc   0x0000000c   Code   RO          475    i.exti_interrupt_flag_clear  gd32f3x0_exti.o
    0x08001ae8   0x08001ae8   0x00000024   Code   RO          476    i.exti_interrupt_flag_get  gd32f3x0_exti.o
    0x08001b0c   0x08001b0c   0x00000028   Code   RO         2548    i.fputc             drv_uart.o
    0x08001b34   0x08001b34   0x00000056   Code   RO         1919    i.gpio_af_set       gd32f3x0_gpio.o
    0x08001b8a   0x08001b8a   0x0000000a   Code   RO         1923    i.gpio_bit_write    gd32f3x0_gpio.o
    0x08001b94   0x08001b94   0x00000048   Code   RO         1927    i.gpio_mode_set     gd32f3x0_gpio.o
    0x08001bdc   0x08001bdc   0x0000006e   Code   RO         1929    i.gpio_output_options_set  gd32f3x0_gpio.o
    0x08001c4a   0x08001c4a   0x00000088   Code   RO         3124    i.int_config        drv_exit.o
    0x08001cd2   0x08001cd2   0x00000002   PAD
    0x08001cd4   0x08001cd4   0x0000004c   Code   RO         2253    i.main              main.o
    0x08001d20   0x08001d20   0x00000014   Code   RO         2769    i.map               drv_step_motor.o
    0x08001d34   0x08001d34   0x00000054   Code   RO         3081    i.motor_driver_pin_init  drv_motor.o
    0x08001d88   0x08001d88   0x00000074   Code   RO         3181    i.motor_go          drv_motor_control.o
    0x08001dfc   0x08001dfc   0x0000000e   Code   RO         3082    i.motor_init        drv_motor.o
    0x08001e0a   0x08001e0a   0x00000002   PAD
    0x08001e0c   0x08001e0c   0x000000a0   Code   RO         3083    i.motor_pin_config  drv_motor.o
    0x08001eac   0x08001eac   0x000000e4   Code   RO         3182    i.motor_speed_pid   drv_motor_control.o
    0x08001f90   0x08001f90   0x00000088   Code   RO          409    i.nvic_irq_enable   gd32f3x0_misc.o
    0x08002018   0x08002018   0x00000014   Code   RO          410    i.nvic_priority_group_set  gd32f3x0_misc.o
    0x0800202c   0x0800202c   0x00000014   Code   RO          411    i.nvic_vector_table_set  gd32f3x0_misc.o
    0x08002040   0x08002040   0x000001bc   Code   RO          142    i.rcu_clock_freq_get  gd32f3x0_rcu.o
    0x080021fc   0x080021fc   0x0000001c   Code   RO          162    i.rcu_periph_clock_enable  gd32f3x0_rcu.o
    0x08002218   0x08002218   0x0000001c   Code   RO          165    i.rcu_periph_reset_disable  gd32f3x0_rcu.o
    0x08002234   0x08002234   0x0000001c   Code   RO          166    i.rcu_periph_reset_enable  gd32f3x0_rcu.o
    0x08002250   0x08002250   0x00000040   Code   RO         2461    i.set_get_speed_time  drv_systime.o
    0x08002290   0x08002290   0x00000014   Code   RO         2783    i.spwm_stop         drv_step_motor.o
    0x080022a4   0x080022a4   0x00000022   Code   RO         2790    i.step_sleep        drv_step_motor.o
    0x080022c6   0x080022c6   0x00000002   PAD
    0x080022c8   0x080022c8   0x0000005c   Code   RO          558    i.syscfg_exti_line_config  gd32f3x0_syscfg.o
    0x08002324   0x08002324   0x00000090   Code   RO            5    i.system_clock_84m_hxtal  system_gd32f3x0.o
    0x080023b4   0x080023b4   0x000000d8   Code   RO         3155    i.timer0_config     drv_pwm.o
    0x0800248c   0x0800248c   0x000000c4   Code   RO         3156    i.timer1_config     drv_pwm.o
    0x08002550   0x08002550   0x0000000a   Code   RO         1013    i.timer_auto_reload_shadow_enable  gd32f3x0_timer.o
    0x0800255a   0x0800255a   0x00000002   PAD
    0x0800255c   0x0800255c   0x000001f0   Code   RO         1030    i.timer_channel_output_config  gd32f3x0_timer.o
    0x0800274c   0x0800274c   0x0000004e   Code   RO         1032    i.timer_channel_output_mode_config  gd32f3x0_timer.o
    0x0800279a   0x0800279a   0x0000001e   Code   RO         1034    i.timer_channel_output_pulse_value_config  gd32f3x0_timer.o
    0x080027b8   0x080027b8   0x0000004e   Code   RO         1035    i.timer_channel_output_shadow_config  gd32f3x0_timer.o
    0x08002806   0x08002806   0x00000002   PAD
    0x08002808   0x08002808   0x00000074   Code   RO         1044    i.timer_deinit      gd32f3x0_timer.o
    0x0800287c   0x0800287c   0x0000000a   Code   RO         1045    i.timer_disable     gd32f3x0_timer.o
    0x08002886   0x08002886   0x0000000a   Code   RO         1049    i.timer_enable      gd32f3x0_timer.o
    0x08002890   0x08002890   0x000000a0   Code   RO         1059    i.timer_init        gd32f3x0_timer.o
    0x08002930   0x08002930   0x00000006   Code   RO         1067    i.timer_interrupt_flag_clear  gd32f3x0_timer.o
    0x08002936   0x08002936   0x00000014   Code   RO         1068    i.timer_interrupt_flag_get  gd32f3x0_timer.o
    0x0800294a   0x0800294a   0x00000014   Code   RO         1075    i.timer_primary_output_config  gd32f3x0_timer.o
    0x0800295e   0x0800295e   0x00000018   Code   RO         1083    i.timer_update_source_config  gd32f3x0_timer.o
    0x08002976   0x08002976   0x00000002   PAD
    0x08002978   0x08002978   0x00000054   Code   RO         1468    i.usart_baudrate_set  gd32f3x0_usart.o
    0x080029cc   0x080029cc   0x00000008   Code   RO         1474    i.usart_data_receive  gd32f3x0_usart.o
    0x080029d4   0x080029d4   0x00000008   Code   RO         1475    i.usart_data_transmit  gd32f3x0_usart.o
    0x080029dc   0x080029dc   0x00000030   Code   RO         1476    i.usart_deinit      gd32f3x0_usart.o
    0x08002a0c   0x08002a0c   0x0000000a   Code   RO         1483    i.usart_enable      gd32f3x0_usart.o
    0x08002a16   0x08002a16   0x00000016   Code   RO         1485    i.usart_flag_get    gd32f3x0_usart.o
    0x08002a2c   0x08002a2c   0x00000014   Code   RO         1491    i.usart_interrupt_disable  gd32f3x0_usart.o
    0x08002a40   0x08002a40   0x00000014   Code   RO         1492    i.usart_interrupt_enable  gd32f3x0_usart.o
    0x08002a54   0x08002a54   0x00000030   Code   RO         1494    i.usart_interrupt_flag_get  gd32f3x0_usart.o
    0x08002a84   0x08002a84   0x00000012   Code   RO         1505    i.usart_overrun_disable  gd32f3x0_usart.o
    0x08002a96   0x08002a96   0x00000018   Code   RO         1508    i.usart_parity_config  gd32f3x0_usart.o
    0x08002aae   0x08002aae   0x00000010   Code   RO         1510    i.usart_receive_config  gd32f3x0_usart.o
    0x08002abe   0x08002abe   0x0000000c   Code   RO         1513    i.usart_receive_fifo_enable  gd32f3x0_usart.o
    0x08002aca   0x08002aca   0x00000018   Code   RO         1529    i.usart_stop_bit_set  gd32f3x0_usart.o
    0x08002ae2   0x08002ae2   0x00000010   Code   RO         1531    i.usart_transmit_config  gd32f3x0_usart.o
    0x08002af2   0x08002af2   0x00000018   Code   RO         1535    i.usart_word_length_set  gd32f3x0_usart.o
    0x08002b0a   0x08002b0a   0x00000002   PAD
    0x08002b0c   0x08002b0c   0x00000020   Data   RO         3831    Region$$Table       anon$$obj.o


    Execution Region RW_IRAM1 (Exec base: 0x20000000, Load base: 0x08002b2c, Size: 0x000006b8, Max: 0x00002000, ABSOLUTE, COMPRESSED[0x000001d4])

    Exec Addr    Load Addr    Size         Type   Attr      Idx    E Section Name        Object

    0x20000000   COMPRESSED   0x00000004   Data   RW            6    .data               system_gd32f3x0.o
    0x20000004   COMPRESSED   0x00000004   Data   RW         2254    .data               main.o
    0x20000008   COMPRESSED   0x00000004   Data   RW         2255    .data               main.o
    0x2000000c   COMPRESSED   0x00000004   Data   RW         2256    .data               main.o
    0x20000010   COMPRESSED   0x00000004   Data   RW         2257    .data               main.o
    0x20000014   COMPRESSED   0x00000004   Data   RW         2258    .data               main.o
    0x20000018   COMPRESSED   0x00000004   Data   RW         2259    .data               main.o
    0x2000001c   COMPRESSED   0x00000004   Data   RW         2260    .data               main.o
    0x20000020   COMPRESSED   0x00000004   Data   RW         2261    .data               main.o
    0x20000024   COMPRESSED   0x00000004   Data   RW         2262    .data               main.o
    0x20000028   COMPRESSED   0x00000004   Data   RW         2263    .data               main.o
    0x2000002c   COMPRESSED   0x0000000c   Data   RW         2462    .data               drv_systime.o
    0x20000038   COMPRESSED   0x00000004   Data   RW         2552    .data               drv_uart.o
    0x2000003c   COMPRESSED   0x0000020c   Data   RW         2793    .data               drv_step_motor.o
    0x20000248   COMPRESSED   0x00000004   Data   RW         3210    .data               drv_time.o
    0x2000024c   COMPRESSED   0x00000004   Data   RW         3794    .data               mc_w.l(stdout.o)
    0x20000250        -       0x00000068   Zero   RW         2792    .bss                drv_step_motor.o
    0x200002b8        -       0x00000400   Zero   RW          123    STACK               startup_gd32f3x0.o


==============================================================================

Image component sizes


      Code (inc. data)   RO Data    RW Data    ZI Data      Debug   Object Name

       220          4          0          0          0       1191   drv_exit.o
        24          0          0          0          0       1283   drv_gpio.o
       258          4          0          0          0       1656   drv_motor.o
       344         76          0          0          0       1373   drv_motor_control.o
       412          6          0          0          0       1580   drv_pwm.o
         0          0          0          0          0        592   drv_ring_buf.o
      1298         64          0        524        104       9882   drv_step_motor.o
       200         28          0         12          0      28748   drv_systime.o
        68         16          0          4          0        824   drv_time.o
       356         38          0          4          0       5329   drv_uart.o
       152         22          0          0          0       2170   gd32f3x0_exti.o
       278          0          0          0          0       3373   gd32f3x0_gpio.o
       176         22          0          0          0       2772   gd32f3x0_misc.o
       528         66          0          0          0       4787   gd32f3x0_rcu.o
        92          6          0          0          0        850   gd32f3x0_syscfg.o
      1058         50          0          0          0      10462   gd32f3x0_timer.o
       402         12          0          0          0      11051   gd32f3x0_usart.o
        76          6          0         40          0       1568   main.o
        36          8        336          0       1024        912   startup_gd32f3x0.o
       480         52          0          4          0      65683   system_gd32f3x0.o

    ----------------------------------------------------------------------
      6472        480        368        588       1128     156086   Object Totals
         0          0         32          0          0          0   (incl. Generated)
        14          0          0          0          0          0   (incl. Padding)

    ----------------------------------------------------------------------

      Code (inc. data)   RO Data    RW Data    ZI Data      Debug   Library Member Name

        86          0          0          0          0          0   __dczerorl2.o
         0          0          0          0          0          0   entry.o
         0          0          0          0          0          0   entry10a.o
         0          0          0          0          0          0   entry11a.o
         4          0          0          0          0          0   entry12b.o
         8          4          0          0          0          0   entry2.o
         4          0          0          0          0          0   entry5.o
         0          0          0          0          0          0   entry7b.o
         0          0          0          0          0          0   entry8b.o
         8          4          0          0          0          0   entry9a.o
        30          0          0          0          0          0   handlers.o
        36          8          0          0          0         68   init.o
         0          0          0          0          0          0   iusefp.o
        30          0          0          0          0         68   llshl.o
        36          0          0          0          0         68   llsshr.o
        32          0          0          0          0         68   llushr.o
      2218         90          0          0          0        464   printfa.o
         0          0          0          4          0          0   stdout.o
        44          0          0          0          0         80   uidiv.o
        98          0          0          0          0         92   uldiv.o
        48          0          0          0          0         68   cdrcmple.o
       334          0          0          0          0        148   dadd.o
       222          0          0          0          0        100   ddiv.o
       186          0          0          0          0        176   depilogue.o
        48          0          0          0          0         68   dfixul.o
       228          0          0          0          0         96   dmul.o
        38          0          0          0          0         68   f2d.o
       176          0          0          0          0        140   fadd.o
       110          0          0          0          0        168   fepilogue.o
        40          0          0          0          0         68   ffixui.o
        18          0          0          0          0         68   fflti.o
       100          0          0          0          0         76   fmul.o
        24          0          0          0          0         68   fscalb.o

    ----------------------------------------------------------------------
      4212        106          0          4          0       2220   Library Totals
         6          0          0          0          0          0   (incl. Padding)

    ----------------------------------------------------------------------

      Code (inc. data)   RO Data    RW Data    ZI Data      Debug   Library Name

      2634        106          0          4          0        908   mc_w.l
      1572          0          0          0          0       1312   mf_w.l

    ----------------------------------------------------------------------
      4212        106          0          4          0       2220   Library Totals

    ----------------------------------------------------------------------

==============================================================================


      Code (inc. data)   RO Data    RW Data    ZI Data      Debug   

     10684        586        368        592       1128     153598   Grand Totals
     10684        586        368        468       1128     153598   ELF Image Totals (compressed)
     10684        586        368        468          0          0   ROM Totals

==============================================================================

    Total RO  Size (Code + RO Data)                11052 (  10.79kB)
    Total RW  Size (RW Data + ZI Data)              1720 (   1.68kB)
    Total ROM Size (Code + RO Data + RW Data)      11520 (  11.25kB)

==============================================================================

