<html>
<body>
<pre>
<h1>µVision Build Log</h1>
<h2>Tool Versions:</h2>
IDE-Version: ¦ÌVision V5.36.0.0
Copyright (C) 2021 ARM Ltd and ARM Germany GmbH. All rights reserved.
License Information: 1 1, 1, LIC=32B1Q-NYXZ1-II65V-PXR2A-JBCKA-LWEDP
 
Tool Versions:
Toolchain:       MDK-ARM Plus  Version: 5.36.0.0
Toolchain Path:  E:\keil5\ARM\ARMCC\Bin
C Compiler:      Armcc.exe V5.06 update 7 (build 960)
Assembler:       Armasm.exe V5.06 update 7 (build 960)
Linker/Locator:  ArmLink.exe V5.06 update 7 (build 960)
Library Manager: ArmAr.exe V5.06 update 7 (build 960)
Hex Converter:   FromElf.exe V5.06 update 7 (build 960)
CPU DLL:         SARMCM3.DLL V5.36.0.0
Dialog DLL:      DCM.DLL V1.17.3.0
Target DLL:      Segger\JL2CM3.dll V2.99.40.0
Dialog DLL:      TCM.DLL V1.53.0.0
 
<h2>Project:</h2>
D:\GD32_pro\matatabot_v3_gd\project\Project.uvprojx
Project File Date:  10/08/2021

<h2>Output:</h2>
*** Using Compiler 'V5.06 update 7 (build 960)', folder: 'E:\keil5\ARM\ARMCC\Bin'
Rebuild target 'matatabot'
compiling gd32f3x0_dac.c...
assembling startup_gd32f3x0.s...
compiling system_gd32f3x0.c...
compiling gd32f3x0_misc.c...
compiling gd32f3x0_fmc.c...
compiling gd32f3x0_exti.c...
compiling gd32f3x0_syscfg.c...
compiling gd32f3x0_dma.c...
compiling drv_ring_buf.c...
compiling gd32f3x0_usart.c...
compiling gd32f3x0_timer.c...
compiling gd32f3x0_rcu.c...
compiling gd32f3x0_gpio.c...
compiling gd32f3x0_adc.c...
compiling main.c...
compiling drv_gpio.c...
compiling drv_systime.c...
compiling drv_uart.c...
compiling drv_oid.c...
compiling drv_step_motor.c...
compiling drv_key.c...
compiling drv_led.c...
compiling crc16.c...
compiling drv_sensor.c...
compiling drv_motor.c...
..\src\driver\drv_motor.c(42): warning:  #188-D: enumerated type mixed with another type
      gpio_bit_write(GPIOA, GPIO_PIN_10, 1);
..\src\driver\drv_motor.c(43): warning:  #188-D: enumerated type mixed with another type
  	  gpio_bit_write(GPIOA, GPIO_PIN_12, 1);
..\src\driver\drv_motor.c(51): warning:  #188-D: enumerated type mixed with another type
  	 gpio_bit_write(GPIOA, GPIO_PIN_8, 1);
..\src\driver\drv_motor.c(52): warning:  #188-D: enumerated type mixed with another type
  	 gpio_bit_write(GPIOA, GPIO_PIN_9, 0);
..\src\driver\drv_motor.c(53): warning:  #188-D: enumerated type mixed with another type
  	 gpio_bit_write(GPIOA, GPIO_PIN_15, 1);
..\src\driver\drv_motor.c(54): warning:  #188-D: enumerated type mixed with another type
  	 gpio_bit_write(GPIOB, GPIO_PIN_3, 0);
..\src\driver\drv_motor.c: 6 warnings, 0 errors
compiling drv_exit.c...
compiling drv_pwm.c...
compiling drv_motor_control.c...
compiling communication_link.c...
compiling message.c...
linking...
Program Size: Code=10992 RO-data=368 RW-data=604 ZI-data=1556  
After Build - User command #1: fromelf --bin ".\Objects\matatabot.axf" --output ".\Objects\matatabot.bin"
".\Objects\matatabot.axf" - 0 Error(s), 6 Warning(s).

<h2>Software Packages used:</h2>

Package Vendor: GigaDevice
                http://gd32mcu.com/data/documents/pack/GigaDevice.GD32F3x0_DFP.2.0.0.pack
                GigaDevice.GD32F3x0_DFP.2.0.0
                GigaDevice GD32F3x0 Series Device Support and Examples

<h2>Collection of Component include folders:</h2>
  E:\keil5\GigaDevice\GD32F3x0_DFP\2.0.0\Device\Include

<h2>Collection of Component Files used:</h2>
Build Time Elapsed:  00:00:06
</pre>
</body>
</html>
